<?xml version="1.0" encoding="utf-8"?>
<test-run id="2" testcasecount="5" result="Failed(Child)" total="5" passed="2" failed="3" inconclusive="0" skipped="0" asserts="0" engine-version="3.5.0.0" clr-version="4.0.30319.42000" start-time="2026-09-13 04:27:44Z" end-time="2026-09-13 04:27:50Z" duration="6.0636387">
  <test-suite type="TestSuite" id="1016" name="NestLabs Game" fullname="NestLabs Game" runstate="Runnable" testcasecount="5" result="Failed" site="Child" start-time="2026-09-13 04:27:44Z" end-time="2026-09-13 04:27:50Z" duration="6.063639" total="5" passed="2" failed="3" inconclusive="0" skipped="0" asserts="0">
    <properties>
      <property name="platform" value="PlayMode" />
    </properties>
    <failure>
      <message><![CDATA[One or more child tests had errors]]></message>
    </failure>
    <test-suite type="Assembly" id="1009" name="NestLabs.Tests.PlayMode.dll" fullname="/Users/janeismine/Desktop/NestLabs Game/Library/ScriptAssemblies/NestLabs.Tests.PlayMode.dll" runstate="Runnable" testcasecount="5" result="Failed" site="Child" start-time="2026-09-13 04:27:44Z" end-time="2026-09-13 04:27:50Z" duration="6.040012" total="5" passed="2" failed="3" inconclusive="0" skipped="0" asserts="0">
      <properties>
        <property name="_PID" value="68163" />
        <property name="_APPDOMAIN" value="Unity Child Domain" />
        <property name="platform" value="PlayMode" />
        <property name="EditorOnly" value="False" />
      </properties>
      <failure>
        <message><![CDATA[One or more child tests had errors]]></message>
      </failure>
      <test-suite type="TestSuite" id="1010" name="NestLabs" fullname="NestLabs" runstate="Runnable" testcasecount="5" result="Failed" site="Child" start-time="2026-09-13 04:27:44Z" end-time="2026-09-13 04:27:50Z" duration="6.036396" total="5" passed="2" failed="3" inconclusive="0" skipped="0" asserts="0">
        <properties />
        <failure>
          <message><![CDATA[One or more child tests had errors]]></message>
        </failure>
        <test-suite type="TestSuite" id="1011" name="Tests" fullname="NestLabs.Tests" runstate="Runnable" testcasecount="5" result="Failed" site="Child" start-time="2026-09-13 04:27:44Z" end-time="2026-09-13 04:27:50Z" duration="6.024743" total="5" passed="2" failed="3" inconclusive="0" skipped="0" asserts="0">
          <properties />
          <failure>
            <message><![CDATA[One or more child tests had errors]]></message>
          </failure>
          <test-suite type="TestFixture" id="1001" name="PlayerDeathSequenceTests" fullname="NestLabs.Tests.PlayerDeathSequenceTests" classname="NestLabs.Tests.PlayerDeathSequenceTests" runstate="Runnable" testcasecount="3" result="Failed" site="Child" start-time="2026-09-13 04:27:44Z" end-time="2026-09-13 04:27:44Z" duration="0.096614" total="3" passed="0" failed="3" inconclusive="0" skipped="0" asserts="0">
            <properties />
            <failure>
              <message><![CDATA[One or more child tests had errors]]></message>
            </failure>
            <test-case id="1004" name="Cancellation_BeforeCompletion_RaisesNothing" fullname="NestLabs.Tests.PlayerDeathSequenceTests.Cancellation_BeforeCompletion_RaisesNothing" methodname="Cancellation_BeforeCompletion_RaisesNothing" classname="NestLabs.Tests.PlayerDeathSequenceTests" runstate="Runnable" seed="653257397" result="Failed" start-time="2026-09-13 04:27:44Z" end-time="2026-09-13 04:27:44Z" duration="0.046817" asserts="0">
              <properties>
                <property name="_JOINTYPE" value="UnityCombinatorial" />
                <property name="retryIteration" value="0" />
                <property name="repeatIteration" value="0" />
              </properties>
              <failure>
                <message><![CDATA[SetUp : Unhandled log message: '[Error] [PlayerVisual] No SpriteAnimator or skin assigned on 'PlayerDeathSequenceUnderTest'.'. Use UnityEngine.TestTools.LogAssert.Expect]]></message>
                <stack-trace><![CDATA[NestLabs.Player.PlayerVisual:ValidateSkin () (at Assets/Scripts/Player/Visual/PlayerVisual.cs:62)
NestLabs.Player.PlayerVisual:Awake () (at Assets/Scripts/Player/Visual/PlayerVisual.cs:45)
UnityEngine.GameObject:AddComponent<NestLabs.Player.PlayerVisual> ()
NestLabs.Tests.PlayerDeathSequenceTests:SetUp () (at Assets/Tests/PlayMode/PlayerDeathSequenceTests.cs:32)
System.Reflection.MethodBase:Invoke (object,object[])
NUnit.Framework.Internal.Reflect:InvokeMethod (System.Reflection.MethodInfo,object,object[])
NUnit.Framework.Internal.Reflect:InvokeMethod (System.Reflection.MethodInfo,object)
UnityEngine.SetupCoroutine:InvokeMoveNext (System.Collections.IEnumerator,intptr) (at /Users/bokken/build/output/unity/unity/Runtime/Export/Scripting/Coroutines.cs:17)

]]></stack-trace>
              </failure>
              <output><![CDATA[[PlayerVisual] No SpriteAnimator or skin assigned on 'PlayerDeathSequenceUnderTest'.
]]></output>
            </test-case>
            <test-case id="1002" name="Death_CompletesExactlyOnce_AndDrivesCollaborators" fullname="NestLabs.Tests.PlayerDeathSequenceTests.Death_CompletesExactlyOnce_AndDrivesCollaborators" methodname="Death_CompletesExactlyOnce_AndDrivesCollaborators" classname="NestLabs.Tests.PlayerDeathSequenceTests" runstate="Runnable" seed="465980201" result="Failed" start-time="2026-09-13 04:27:44Z" end-time="2026-09-13 04:27:44Z" duration="0.003949" asserts="0">
              <properties>
                <property name="_JOINTYPE" value="UnityCombinatorial" />
                <property name="retryIteration" value="0" />
                <property name="repeatIteration" value="0" />
              </properties>
              <failure>
                <message><![CDATA[SetUp : Unhandled log message: '[Error] [PlayerVisual] No SpriteAnimator or skin assigned on 'PlayerDeathSequenceUnderTest'.'. Use UnityEngine.TestTools.LogAssert.Expect]]></message>
                <stack-trace><![CDATA[NestLabs.Player.PlayerVisual:ValidateSkin () (at Assets/Scripts/Player/Visual/PlayerVisual.cs:62)
NestLabs.Player.PlayerVisual:Awake () (at Assets/Scripts/Player/Visual/PlayerVisual.cs:45)
UnityEngine.GameObject:AddComponent<NestLabs.Player.PlayerVisual> ()
NestLabs.Tests.PlayerDeathSequenceTests:SetUp () (at Assets/Tests/PlayMode/PlayerDeathSequenceTests.cs:32)
System.Reflection.MethodBase:Invoke (object,object[])
NUnit.Framework.Internal.Reflect:InvokeMethod (System.Reflection.MethodInfo,object,object[])
NUnit.Framework.Internal.Reflect:InvokeMethod (System.Reflection.MethodInfo,object)
UnityEngine.SetupCoroutine:InvokeMoveNext (System.Collections.IEnumerator,intptr) (at /Users/bokken/build/output/unity/unity/Runtime/Export/Scripting/Coroutines.cs:17)

]]></stack-trace>
              </failure>
              <output><![CDATA[[PlayerVisual] No SpriteAnimator or skin assigned on 'PlayerDeathSequenceUnderTest'.
]]></output>
            </test-case>
            <test-case id="1003" name="Death_WithNullCollaborators_StillCompletesOnce" fullname="NestLabs.Tests.PlayerDeathSequenceTests.Death_WithNullCollaborators_StillCompletesOnce" methodname="Death_WithNullCollaborators_StillCompletesOnce" classname="NestLabs.Tests.PlayerDeathSequenceTests" runstate="Runnable" seed="1439047875" result="Failed" start-time="2026-09-13 04:27:44Z" end-time="2026-09-13 04:27:44Z" duration="0.013204" asserts="0">
              <properties>
                <property name="_JOINTYPE" value="UnityCombinatorial" />
                <property name="retryIteration" value="0" />
                <property name="repeatIteration" value="0" />
              </properties>
              <failure>
                <message><![CDATA[SetUp : Unhandled log message: '[Error] [PlayerVisual] No SpriteAnimator or skin assigned on 'PlayerDeathSequenceUnderTest'.'. Use UnityEngine.TestTools.LogAssert.Expect]]></message>
                <stack-trace><![CDATA[NestLabs.Player.PlayerVisual:ValidateSkin () (at Assets/Scripts/Player/Visual/PlayerVisual.cs:62)
NestLabs.Player.PlayerVisual:Awake () (at Assets/Scripts/Player/Visual/PlayerVisual.cs:45)
UnityEngine.GameObject:AddComponent<NestLabs.Player.PlayerVisual> ()
NestLabs.Tests.PlayerDeathSequenceTests:SetUp () (at Assets/Tests/PlayMode/PlayerDeathSequenceTests.cs:32)
System.Reflection.MethodBase:Invoke (object,object[])
NUnit.Framework.Internal.Reflect:InvokeMethod (System.Reflection.MethodInfo,object,object[])
NUnit.Framework.Internal.Reflect:InvokeMethod (System.Reflection.MethodInfo,object)
UnityEngine.SetupCoroutine:InvokeMoveNext (System.Collections.IEnumerator,intptr) (at /Users/bokken/build/output/unity/unity/Runtime/Export/Scripting/Coroutines.cs:17)

]]></stack-trace>
              </failure>
              <output><![CDATA[[PlayerVisual] No SpriteAnimator or skin assigned on 'PlayerDeathSequenceUnderTest'.
]]></output>
            </test-case>
          </test-suite>
          <test-suite type="TestSuite" id="1012" name="PlayMode" fullname="NestLabs.Tests.PlayMode" runstate="Runnable" testcasecount="2" result="Passed" start-time="2026-09-13 04:27:44Z" end-time="2026-09-13 04:27:50Z" duration="5.924096" total="2" passed="2" failed="0" inconclusive="0" skipped="0" asserts="0">
            <properties />
            <test-suite type="TestFixture" id="1005" name="LevelGeneratorPerfTests" fullname="NestLabs.Tests.PlayMode.LevelGeneratorPerfTests" classname="NestLabs.Tests.PlayMode.LevelGeneratorPerfTests" runstate="Runnable" testcasecount="1" result="Passed" start-time="2026-09-13 04:27:44Z" end-time="2026-09-13 04:27:49Z" duration="4.974260" total="1" passed="1" failed="0" inconclusive="0" skipped="0" asserts="0">
              <properties />
              <test-case id="1006" name="SteadyStateSpawnLoop_FrameCost" fullname="NestLabs.Tests.PlayMode.LevelGeneratorPerfTests.SteadyStateSpawnLoop_FrameCost" methodname="SteadyStateSpawnLoop_FrameCost" classname="NestLabs.Tests.PlayMode.LevelGeneratorPerfTests" runstate="Runnable" seed="842069670" result="Passed" start-time="2026-09-13 04:27:44Z" end-time="2026-09-13 04:27:49Z" duration="4.972081" asserts="0">
                <properties>
                  <property name="_JOINTYPE" value="UnityCombinatorial" />
                  <property name="Category" value="Performance" />
                  <property name="retryIteration" value="0" />
                  <property name="repeatIteration" value="0" />
                </properties>
                <output><![CDATA[[LevelGeneratorPerfTests] climbed to y=1060 - obstacles=2 walls=4 nodes=2
Time in Milliseconds
Min:		1.07 ms
Median:		1.45 ms
Max:		15.06 ms
Avg:		1.54 ms
StdDev:		0.50 ms
SampleCount:	2000
Sum:		3082.52 ms
First samples:	▄▂▁▁▁▁▁▁▁▁▁▁▁▁▁▁▁▁▁▁▁▁▁▁▁▁▁▁▁▁▁▂▂▁▂▁▁▁▁▁▁▁▁▁▁▁▁▁▁▁▁▁▁▁▁▁▁▁▁▁▁▁▁▁▁▁▁▁▁▁▁▁▁▁▁▁▁▁▁▁▁▁▁▁▁▁▁▁▁▁▁▁▁▁▁▁▁▁▁▁

LevelGenerator.TickRules in Nanoseconds
Min:		19481.00 ns
Median:		32536.00 ns
Max:		4556718.00 ns
Avg:		47618.32 ns
StdDev:		109999.15 ns
SampleCount:	2000
Sum:		95236646.00 ns
First samples:	▁▁▁▁▁▁▁▁▁▁▁▁▁▁▁▁▁▁▁▁▁▁▁▁▁▁▁▁▁▁▁▁▁▁▁▁▁▁▁▁▁▁▁▁▁▁▁▁▁▁▁▁▁▁▁▁▁▁▁▁▁▁▁▁▁▁▁▁▁▁▁▁▁▁▁▁▁▁▁▁▁▁▁▁▁▁▁▁▁▁▁▁▁▁▁▁▁▁▁▁

LevelGenerator.SyncTransforms in Nanoseconds
Min:		0.00 ns
Median:		0.00 ns
Max:		358160.00 ns
Avg:		10338.74 ns
StdDev:		27013.19 ns
SampleCount:	2000
Sum:		20677472.00 ns
First samples:	▁▁▁▂▁▁▁▁▁▁▁▂▂▁▁▁▁▂▃▁▁▁▁▁▁▁▁▁▁▁▁▁▁▁▁▁▁▁▂▁▂▁▁▁▁▁▂▁▁▁▁▁▁▁▁▂▁▁▁▁▁▁▁▁▁▁▁▁▁▂▂▁▁▁▁▁▂▁▁▁▁▁▁▁▁▁▁▁▁▁▁▁▁▁▂▁▁▁▁▁

Active.Obstacles 2.00 Undefineds
Active.Walls 4.00 Undefineds
Active.Nodes 2.00 Undefineds

##performancetestresult2:{"Name":"NestLabs.Tests.PlayMode.LevelGeneratorPerfTests.SteadyStateSpawnLoop_FrameCost","ClassName":"NestLabs.Tests.PlayMode.LevelGeneratorPerfTests","MethodName":"SteadyStateSpawnLoop_FrameCost","Version":"1","Categories":["Performance"],"SampleGroups":[{"Name":"Time","Unit":2,"IncreaseIsBetter":false,"Samples":[6.193686276674271,3.1724348664283754,2.046350622549653,1.2028911150991917,1.3087798142805696,1.3468395918607712,1.1433744803071023,1.2335034552961589,1.1580003192648292,1.5540674794465304,1.1605725158005953,1.2727112043648959,1.341829658485949,1.3190830359235407,1.4390944270417095,1.2293863110244275,1.2380385305732489,1.442205160856247,1.4909651363268495,1.620727009139955,1.4349205885082484,1.42086879350245,1.2276715133339167,1.1299957986921073,1.1163548333570362,1.2196003226563335,1.2782737612724305,1.2175169540569187,1.3431264087557793,1.781774335540831,1.6943523660302163,2.114661270752549,2.5242206174880268,1.8097080755978823,2.100106328725815,1.8486181506887079,1.4219104778021575,1.4003756223246456,1.3064838713034988,1.6149234725162388,1.549114240333438,1.4057185035198928,1.4426162233576179,1.3984694378450513,1.3667162274941803,1.5379321994259954,1.283368794247508,1.3866354711353779,1.3041029451414943,1.2906320625916124,1.188789727166295,1.3454932486638427,1.2345805298537017,1.16782879922539,1.3124149991199375,1.4224915066733957,1.4515023212879897,1.305789453908801,1.2636054307222367,1.1995747918263078,1.2918084394186736,1.201998325996101,1.2692459858953953,1.3327522901818157,1.5573909040540457,1.713010249659419,1.6618197550997139,1.7182539450004697,1.609403290785849,1.7067885491997004,1.74988666549325,1.4536918606609107,1.3825326459482313,1.2427153997123242,1.332468818873167,1.3081348733976484,1.46462582051754,1.3880952028557659,1.3806618517264724,1.315362867899239,1.2007227633148432,1.3007511151954532,1.4442885294556618,1.3670281041413546,1.2216269969940186,1.278528943657875,1.299957511946559,1.250021276064217,1.1316114105284215,1.1947562452405692,1.3024022337049246,1.305392594076693,1.399865373969078,1.3443026691675187,1.2356647057458759,1.4054067432880402,1.4681051252409816,1.386500895023346,1.3355087721720338,1.6944373492151499,1.976105384528637,1.7079648096114398,1.412967685610056,1.454230397939682,1.6151147428900004,1.415830454789102,1.5463789459317923,1.5161422779783607,1.180463470518589,1.1496456572785974,1.2277422938495875,1.0735118994489313,1.3667942257598043,1.3069232227280737,1.355392625555396,1.345238066278398,1.3552296441048384,1.22028065379709,1.312329899519682,1.2883503222838045,1.1797689367085696,1.0964497923851014,1.1525581358000637,1.2674886966124178,1.2654478196054698,1.26321567222476,1.2771966867148877,1.4031179016456009,1.3881165068596602,1.1996881803497673,1.2182681821286679,1.3262826250866056,1.1246314970776439,6.133800838142633,1.6728671034798027,1.8124220659956337,1.996258506551385,1.5777493827044964,1.768516143783927,1.7436295747756959,1.448859111405909,1.1815051548182965,1.2173469876870514,1.2946216156706215,1.2596655869856477,1.2532880064100028,1.216716249473393,1.344189397059381,1.348526100628078,1.1788761476054788,1.3691751519218088,1.3549461727961898,1.2386266607791186,1.3275935780256987,1.1544926092028618,1.166822505183518,1.3848639791831375,1.4176799450069667,1.3207553420215846,1.267113140784204,1.413031481206417,1.4019274385645986,1.318601192906499,1.4007652644068003,1.2979450402781368,1.4004606055095792,1.278252573683858,2.1701317746192219,1.7863024258986116,1.925347256474197,1.8007723847404123,1.7054209019988776,1.814377843402326,1.6079081688076258,1.61363382358104,1.6395903658121825,1.3345166807994247,1.3725835597142578,1.3417020672932268,1.3704152079299093,1.5669005224481226,1.4216552954167128,1.4969671610742808,1.3797335559502245,1.3998086797073484,1.5431477222591639,1.4822704251855612,1.2380527332425118,1.3044571969658137,1.3962372904643417,1.2611394049599767,1.4777494361624122,1.3156250352039934,1.4676799764856697,1.6667303862050176,1.3221938861534,1.6716907266527415,1.252940739504993,1.2637471081689,1.583560137078166,1.5363023849204183,1.2553358683362604,1.8635558662936092,1.6645053401589394,1.951558981090784,2.205172786489129,2.0012897439301016,3.079903544858098,1.8535359995439649,2.3720308672636749,1.6230442561209202,1.374050509184599,1.5800949186086655,1.4604167081415654,1.5088152140378953,1.403316273353994,1.4181830920279027,1.398526132106781,1.4786706306040288,1.3970733853057027,1.3470237608999015,1.3235402293503285,1.325481804087758,1.3327309861779214,1.3248936738818885,1.5341624384745956,1.3084892416372896,1.3218892272561789,1.5044076135382057,1.4564200537279249,1.2661706423386932,1.2911777012050152,1.2216907925903798,1.6555271577090026,1.6787556232884527,2.054053358733654,1.7193310195580125,1.8252622103318573,1.6524235252290965,1.7008149297907949,1.7542445566505194,1.3150227023288608,1.305102021433413,1.3932043220847846,1.38628832064569,1.51307403575629,1.306002028286457,1.3973568566143513,1.6594104235991836,1.7400580691173673,1.5140306204557419,1.3406816869974137,1.3177082873880864,1.3019486796110869,1.333822263404727,1.263945596292615,1.3059949269518257,1.3006306253373624,1.317354035563767,1.5042092418298126,1.5118905575945974,1.2488804059103132,1.333106542006135,1.3171910541132093,1.9403202459216118,1.2947632931172848,1.1745181400328875,1.5281462110579014,2.0828372798860075,2.204932039603591,1.8693736055865884,1.7155470559373499,2.171556232497096,2.040313323959708,1.986075658351183,1.377019565552473,1.4283375348895789,1.398873282596469,1.2992913834750653,1.2787202140316368,1.403925707563758,1.3540107756853104,1.2984835775569082,1.3102962402626873,1.2867063051089645,1.4323979848995805,1.2994330609217287,1.400262233801186,1.2829577317461372,1.3338010758161545,1.2998583260923625,1.3808106305077673,1.4989512274041772,1.3821711763739586,1.3739796122536064,1.3314271345734597,1.2513109249994159,1.2277422938495875,1.23757089022547,1.2722151586785913,1.3674036599695683,1.686585834249854,1.893232692964375,1.859077368862927,1.9775794353336096,1.4632794773206115,1.8697987543419004,1.4180485159158707,1.507823122665286,1.4011621242389084,1.4564271550625563,1.2932681711390615,1.3822278706356884,1.5329293673858047,1.7273101257160307,1.9643211271613837,1.431994023732841,1.4629818033427,1.4761267229914666,1.6058814944699407,1.6557823400944472,1.6676161903887988,1.6159580554813147,1.504655578173697,1.2971301330253482,1.6070081619545818,1.5155683504417539,1.285756821744144,1.568870502524078,1.3129960279911757,1.4733064454048873,1.4525793958455325,1.5344033017754555,1.630286336876452,1.7111607594415546,1.6594388289377094,1.6050311969593168,1.432575169019401,1.5597789315506817,1.5101190656423569,1.4475623611360789,1.7108488827943802,1.4621528098359705,1.5211593126878143,1.2564342468976975,1.2454931857064367,1.3716482790187002,1.3903769431635738,1.4591128565371037,1.3949901331216097,1.236961456015706,1.2053996324539185,1.1719954200088978,1.4791099820286036,1.409332500770688,1.2580640614032746,1.1973993387073279,1.350092119537294,1.362726790830493,1.2530258391052485,1.581731834448874,1.2803925201296807,1.3405682984739543,1.337918103672564,1.3939484488219023,1.32866355124861,1.3068452244624496,1.2387471506372095,1.494033494964242,1.509176567196846,1.3966553378850222,1.4728315873071552,1.5042517334222794,1.3195719802752138,1.465872977860272,1.5330215683206916,1.307355472818017,1.3049319386482239,1.2626417446881533,1.3609551824629307,1.4520833501592279,1.342757954262197,1.4167800545692444,1.2675027828663588,1.548490603454411,1.2029337231069804,1.267006853595376,1.1354308808222414,1.2618410401046277,1.3132370077073575,1.2802083510905505,1.2825963785871864,1.2016368564218283,1.1942744022235275,1.2087372597306967,1.2054351391270757,1.3029974652454258,1.5457695117220283,1.6318735433742405,1.1977890972048045,1.3537061167880893,1.2595662847161294,1.396882114931941,1.23592687305063,1.1663194745779038,1.1659510200843216,1.2551232939586044,1.5515235718339682,1.4425808330997825,1.559509662911296,1.3688633916899562,1.365844625979662,1.696860883384943,1.5321357641369105,1.4117134269326926,1.4518494717776776,1.4452593168243766,1.4792587608098984,1.2773738708347083,1.160218263976276,1.0881306370720268,1.1199617292732,1.2837088434025646,1.416057231836021,1.1885487474501134,1.090143108740449,1.112988917157054,1.3176799984648824,1.4167375629767776,1.4321074122563005,1.347399433143437,1.3742984738200904,1.2686082627624274,1.1676941066980363,1.1940263211727143,1.5457483241334558,1.2219458585605026,1.2826884631067515,1.37899664696306,1.4394557802006603,1.6503401566296816,1.7381731886416674,1.8505739280954004,1.8067248165607453,1.7775652231648565,2.22920929081738,1.6922194045037032,1.7291170079261065,1.4630244113504887,1.3454932486638427,1.4328656252473593,1.239760429598391,1.194692449644208,1.1827877024188638,1.242835889570415,1.4306972734630108,1.29297049716115,1.5588506357744337,1.7056618817150593,1.5004960587248207,1.7531533958390356,1.521031721495092,1.3724843738600612,1.416744664311409,1.373547362163663,1.3544997200369836,1.3355371775105596,1.3645336730405689,1.3661494012922049,1.4291241532191635,1.1689767707139254,1.199291436932981,1.2804634170606733,1.4481929829344154,1.4317743480205536,1.2445223983377219,1.4260984025895596,1.8185515655204654,1.4740150654688478,1.698625274002552,1.7420422518625856,1.4384211972355843,1.5119260642677546,1.7258644802495838,1.7228670185431839,1.4522109413519502,1.2695861514657736,1.398965367116034,1.4067672891542316,1.4112740755081177,1.3138322392478586,1.4255385613068939,1.3795067789033056,1.2383006978780032,1.1859481455758215,1.5214498853310943,1.566220191307366,1.6496811294928194,1.3884566724300385,1.6891227569431067,1.5105726197361947,1.5784510178491474,1.6306263860315085,1.4916028594598175,1.509814290329814,1.6262329882010818,1.3775298139080406,1.3873724965378643,1.668473589234054,1.4787415275350214,1.8139102030545474,1.524121267721057,1.5157242305576802,1.802536891773343,1.4438987709581853,1.920096343383193,1.507943612523377,1.5442885924130679,1.5743693802505732,1.4767148531973363,1.461812644265592,1.4790745917707682,1.65768142323941,1.7178925918415189,1.8720946973189712,1.4254393754526973,1.4539186377078295,1.4859410002827645,1.5751487808302045,1.6803925391286612,1.5713790198788047,1.7950184410437942,1.823037164285779,1.919380621984601,1.5500567387789488,1.3957624323666096,1.3681263662874699,1.3079436030238867,1.3818240258842707,1.2789398897439242,1.1654903646558524,1.071208855137229,1.1807468254119158,1.6909934347495437,1.7632086528465152,1.6138179926201702,1.595082227140665,1.6489725094288588,1.628883183002472,1.3435232685878873,1.4841341180726886,1.6421201871708036,1.31972786039114,1.4584254240617157,1.3196640647947789,1.425099209882319,1.5772321494296194,1.5001983847469092,1.2590986443683506,1.2627055402845145,1.2685657711699606,1.5047689666971565,1.6883432399481536,1.3204931747168303,1.4280612813308836,1.4452168252319098,1.350276404991746,1.294430228881538,1.2688421411439777,1.3286989415064455,1.3234977377578617,1.180569757707417,1.271371846087277,1.295117661356926,1.2572420528158546,1.2597576715052128,1.2385558802634478,1.3999503571540118,1.5211522113531829,1.5954860718920828,1.4862599782645703,1.5030753565952182,1.4804209349676967,1.5330357709899545,1.3563988031819463,1.3571924064308406,1.4412698801606894,1.3646187726408244,1.3435728615149856,1.3563067186623812,1.2782737612724305,1.415632083080709,1.2720308732241393,1.385388313792646,1.3452309649437667,1.215667463839054,1.318558701314032,1.3150369049981237,1.1731646955013276,1.2144203064963222,1.282227924093604,1.267247716896236,1.2386833550408483,1.1400014627724887,1.2500779703259469,1.2616283493116499,1.318239839747548,1.3707199832424522,1.2235402828082443,1.2347646988928319,1.2378259561955929,1.1720663169398904,1.2527068611234427,1.3247733004391194,1.2766935396939517,1.3592048780992628,1.5876984689384699,1.3606505235657097,1.464172382839024,1.9250991754233838,1.3113166205585004,1.666510826908052,1.4940121909603477,1.5686366241425276,1.2505102204158903,1.1444090632721782,1.1500425171107054,1.1984552256762982,1.105562667362392,1.216092729009688,1.1657525319606066,1.3244756264612079,1.2259283103048802,1.4023809926584364,1.3546909904107452,1.3717332622036338,1.3169217854738236,1.6100765205919743,1.348844962194562,1.3282737927511335,1.3224560534581543,1.2375353835523129,1.2692034943029285,1.1757937027141452,1.4827522682026029,1.3925099046900869,1.3941822107881308,1.7972930800169707,3.040228271856904,3.2749788369983436,15.0630883872509,2.8303642757236959,2.3837301414459945,2.2497873287647964,1.582447555847466,1.6373512335121632,1.7420564545318485,1.6795138362795115,2.161947311833501,2.6526572182774545,2.067722612991929,2.102303085848689,2.094890922307968,1.8212159629911185,1.8860048148781062,8.560841903090477,2.4865646846592428,2.2901573684066536,1.9126276019960642,2.499206457287073,2.2722294088453056,2.9686649795621635,1.7525297589600087,1.8142219632863999,2.2006803192198278,2.189554972574115,1.85580353718251,1.6335175605490804,1.795457792468369,1.8061862792819739,1.7125566955655814,1.687925192527473,2.280364278703928,1.8489441135898233,1.6216624062508345,1.560820615850389,1.554627320729196,1.4847505372017623,1.5401927521452308,1.5395124210044742,1.8302012467756868,1.8804988358169795,2.3195648100227119,1.6970096621662379,2.4675666354596617,2.161628333851695,1.8204294610768557,1.4571144711226226,1.5800808323547245,1.5049957437440754,1.4906037831678987,1.619997201487422,1.7214497784152628,1.3624716084450484,1.4250638196244836,1.3942673103883863,1.393487793393433,1.4805414248257876,1.3435232685878873,1.7048752633854747,1.334431697614491,1.502161263488233,1.4072491321712733,1.5768352895975114,1.549100037664175,1.6338081331923605,1.2643849477171898,1.3564130058512092,1.2493268586695195,1.1874432675540448,1.149489777162671,1.3327309861779214,1.5827877214178444,1.802260521799326,2.0479874219745399,1.4297618763521314,1.325283432379365,1.5381802804768086,1.5524376649409533,1.7320152837783099,1.5506023773923517,1.4299815520644189,1.3362669851630927,1.3742346782237292,1.3442389899864793,1.3083333615213633,2.140504540875554,1.4595522079616786,1.4829435385763646,1.3693665387108923,1.5217616455629469,1.6470025293529034,1.3805626658722759,1.358312088996172,1.3479308690875769,1.4649376971647144,1.526587293483317,1.38764176517725,1.7860402585938573,1.4943877467885614,1.420684508047998,1.5645549865439535,1.3434807769954205,1.4340986963361502,1.5577806625515223,1.7595592653378845,1.3909154804423452,1.410076511092484,1.7596159595996142,1.2849064078181983,1.420854590833187,1.2994330609217287,1.44491926766932,1.3257581740617753,1.188711728900671,1.2949617812409998,1.317764981649816,1.1912556365132332,1.261026132851839,1.4260913012549282,1.387535477988422,1.4873724430799485,1.4764738734811545,1.2821287382394076,1.254754839465022,1.2196145253255964,1.2023880844935775,1.5977678121998907,1.5381235862150789,1.2929989024996758,1.754896598868072,1.7908447189256549,1.7543296562507749,1.6040037153288723,1.3207057490944863,1.3174532214179636,1.3828797964379192,1.2772888876497746,1.4098285464569927,1.2615504674613476,1.393487793393433,1.2277635978534818,1.3088081032037736,1.2934027472510934,1.5863520093262196,1.4799815835431219,1.340199843980372,1.3939413474872709,1.1887046275660396,1.3156250352039934,1.2803288409486414,1.2130597606301308,1.3538335915654898,1.5629605622962118,1.279471325688064,1.1877196375280619,1.3780895387753845,1.441432861611247,1.327430596575141,1.3000282924622298,1.2733347248286009,1.4715915312990547,1.5617205062881113,1.2640305794775487,1.3851261464878917,1.2373299105092884,1.762641710229218,1.6553358873352409,1.6814059345051647,1.584332436323166,1.5159155009314418,1.4238733565434814,1.5250424621626735,1.3964143581688405,1.4805059181526304,1.876580179668963,1.5624149236828089,1.6150439623743296,1.708701835013926,1.4495252398774028,1.351204700767994,1.2854166561737657,1.6031108098104597,1.3192673213779927,1.6510841669514776,1.5405258163809777,1.438187318854034,1.4143140288069845,1.4153982046991587,1.7231929814442993,1.686493749730289,1.3818098232150078,1.5068877255544067,1.3326035114005209,1.289987238124013,1.6500353813171387,1.368480734527111,1.2693381868302823,1.2426304165273905,1.2899518478661776,1.2908942298963667,1.4445862034335733,1.728365896269679,1.4848497230559588,1.7113166395574809,1.8707412527874113,1.5438137343153358,1.4365434180945159,1.3661776902154089,1.6599277732893825,1.7305484507232905,1.8639385234564543,1.9474064465612174,1.8548115622252226,2.180584007874131,1.8627905519679189,1.7514668870717288,2.0678925793617966,1.9897958263754845,2.040036953985691,1.9701742567121983,1.6714356606826187,1.7428358551114798,1.4578585978597403,1.4352324651554227,1.5323767438530923,1.6074759187176824,1.5382227720692754,1.435905578546226,1.6616425709798933,1.702869893051684,2.137379487976432,1.618062611669302,1.4594529056921602,1.6267715254798532,1.3947704574093223,1.3930130517110229,1.5909509966149927,2.2145691327750685,2.9639669228345157,6.152388174086809,3.0036282259970905,2.5339426938444378,2.343466505408287,2.1632227580994369,1.7180413706228138,1.6202451661229134,1.5910217771306635,1.5773101476952434,1.834268681704998,1.5559878665953875,1.7401076620444656,1.902288873679936,1.984389265999198,1.7394345486536623,1.7676587449386716,1.8772605108097196,1.9566044211387635,1.560133183375001,1.588095212355256,1.681625610217452,1.6068097902461887,2.046988345682621,2.1353813353925945,2.4564270861446859,2.336493693292141,2.9404477681964638,2.0474845077842476,1.6911706188693643,1.6881873598322273,1.7169571947306395,1.6650722827762366,2.2047548554837705,1.6716766403988004,1.5620181802660227,1.5467191115021706,1.4613661915063859,1.6813137335702778,1.6674603102728725,1.5774801140651107,1.4466624706983567,1.503210049122572,1.5116212889552117,1.6523880185559393,1.4507510932162405,1.7044784035533667,1.567013910971582,1.429117051884532,2.212315797805786,2.0010345615446569,2.3541313130408527,2.425616607069969,2.188704675063491,1.8872803775593639,1.7441256204620004,2.0466200076043608,1.9054634030908347,1.614030566997826,1.481505110859871,1.6923823859542609,1.8773243064060808,1.848044223152101,1.6216908115893603,1.4922547852620483,1.588626648299396,1.5375070506706834,1.5680555952712894,1.6400297172367573,1.646357704885304,1.6658162930980325,1.5053359093144537,1.666206051595509,1.5903982566669584,1.3637258671224118,1.4494401402771474,1.471534837037325,1.3846372021362186,1.6784509643912316,1.742857159115374,1.753146294504404,1.6911352286115289,1.6330215148627759,1.9212868064641953,1.478826510719955,1.7685445491224528,1.5760132810100914,1.5653485897928477,1.526693580672145,1.4836309710517526,1.3983134413138033,1.4069515746086836,1.3976048212498427,1.655002823099494,1.5462159644812346,1.4267644146457315,1.4431760646402836,1.758652157150209,1.5565404901281,1.5878755366429687,1.38382229488343,1.411826815456152,1.4465986751019955,1.3241638662293554,1.432816032320261,1.408829353749752,1.401247107423842,1.2841412099078298,1.5196569729596377,1.4737953897565604,1.5071853995323182,1.4313491992652417,1.8481859005987645,1.8803217681124807,1.9276076927781106,1.914512482471764,1.6569019062444568,1.61763746291399,1.730328775011003,1.5619259793311358,1.3772675301879645,1.3660927070304752,1.4686011709272862,1.333475112915039,1.407837262377143,1.5056972624734045,1.4987103641033173,1.4871314633637667,1.4912839978933335,1.277388073503971,1.2914398685097695,1.3345166807994247,1.4196570264175535,1.3686224119737745,1.3929421547800303,1.3014243450015784,1.3193098129704595,1.5217970358207822,1.491461182013154,1.5944374026730657,1.510714297182858,1.3510417193174363,1.3059453340247274,1.4872236642986537,1.360657624900341,1.3571783201768995,1.5737386420369149,1.8808319000527263,1.6029266407713295,2.114278730005026,1.8533517140895129,5.909162573516369,2.0771825220435859,1.538825104944408,1.6053146682679654,1.4795847237110139,1.4635700499638916,1.4320011250674725,1.3720946153625847,1.4625992625951768,1.5249574789777399,1.5519062289968134,1.5151785919442773,1.3792021200060845,1.4512046473100782,1.733326236717403,1.5251771546900273,1.7813491867855192,1.386104035191238,1.4708687085658312,1.3230725890025497,2.175467787310481,2.4487031623721124,2.5237316731363537,2.7772393077611925,3.1844174955040218,2.4494968820363285,3.3428925089538099,2.343601081520319,1.7754322616383434,1.8493055831640959,1.882213749922812,2.071676542982459,1.787450397387147,1.6258149407804013,1.8119473243132234,2.0287770312279465,1.859261654317379,1.5024093445390463,1.5664115780964494,1.8890518695116044,1.7019486986100674,1.6026714583858848,1.6200325917452574,1.462067710235715,2.165575511753559,2.087854314595461,1.7694869311526418,1.4720946783199907,1.8741709645837546,1.652643084526062,1.8103315960615874,1.6381448367610574,1.80493900552392,2.416659612208605,1.471825409680605,1.4171485090628267,1.5793013153597713,1.3742346782237292,1.4860332012176514,1.7411139560863376,2.1885132882744076,1.4257794246077538,1.7333475407212973,1.936763059347868,1.5344033017754555,1.6239795368164778,1.4307752717286349,1.3531108852475882,1.4236039714887739,1.2980584288015962,1.6349348006770015,1.5757015207782388,1.6325963661074639,1.497626188211143,1.5093962429091335,1.3314129319041968,1.8756589852273465,1.6011834377422929,1.586224534548819,1.3729095226153732,1.2595237931236625,1.2643849477171898,1.2646542163565755,1.2219316558912397,1.2344104470685125,1.4326105592772365,1.2796343071386219,1.436408725567162,1.7993551446124912,1.3934028102084995,1.3162769610062242,1.2565547367557884,1.4075892977416516,1.7105158185586334,1.4290249673649669,1.3865078799426556,1.363669172860682,1.482072053477168,1.3158801011741162,1.6958829946815968,1.6309311613440514,1.2271825689822436,1.3085601385682822,1.464172382839024,1.5004038577899337,1.624000840820372,1.6673115314915777,1.4401148073375226,1.4039328088983894,1.4423327520489693,1.3576672645285726,1.2558461166918278,1.451842370443046,1.37624004855752,1.9276501843705774,1.5325468266382814,1.8928713398054243,1.6390306409448386,2.1872944198548796,2.496853703632951,1.6629748279228807,1.5167233068495989,1.5180909540504218,1.4159864513203502,1.5577097656205297,1.737103215418756,1.7024872358888388,1.4640094013884664,1.780435093678534,1.5874645905569196,1.7390305874869228,1.7144203884527088,1.6168083529919387,1.5676445327699185,1.5078444266691805,1.4218820724636317,2.1043862216174604,1.7886621644720436,1.6695011872798205,3.2519840169698,4.191929008811712,2.425489015877247,2.007688395678997,2.0402991212904455,2.3350482806563379,2.6759495958685877,2.509339479729533,1.7996811075136066,1.6047548269852996,1.6529832500964404,1.8268282292410732,1.7487386940047145,1.39811506960541,1.34001555852592,1.4210458612069488,1.3485827948898078,1.434658421203494,2.0017714705318214,1.380654750391841,1.4536918606609107,1.2732497416436673,1.3065050588920713,1.701941597275436,2.0581702701747419,1.6616425709798933,1.778380130417645,1.6276715323328972,1.6386195784434677,1.5019557904452086,2.355491742491722,1.78958335891366,1.7257865983992816,1.944614457897842,1.607773476280272,1.962804701179266,1.873249770142138,1.7470308812335134,1.7541879788041115,1.9738308619707823,1.606859383173287,2.0482568070292475,1.604896504431963,1.6179918311536313,1.4264810597524048,1.6753118252381683,1.5058035496622325,1.8176728626713157,1.5723143005743623,1.6706136520951987,1.8571711843833328,1.896109664812684,1.5345308929681779,1.8472789088264108,1.4917729422450066,1.4264455530792475,1.398554421029985,1.4252692926675082,1.3918154872953892,1.7181901494041086,2.1243479568511249,2.4060586001724006,1.5921981539577246,1.3721301220357419,1.383106573484838,1.6056547174230219,1.4404336689040065,1.3829931849613786,1.5171272680163384,1.3548610731959344,1.291206106543541,1.524489838629961,1.545613631606102,1.3607284054160119,1.3628755696117879,1.514519564807415,1.4209325890988112,1.3834325363859535,1.4319373294711114,1.3746527256444097,1.3093395391479135,1.252699876204133,1.5663052909076214,1.397441839799285,1.379301305860281,1.537167001515627,1.5885274624451996,1.3505243696272374,1.420471933670342,1.515858806669712,1.417183899320662,1.5039186691865326,1.5622732462361456,1.6617488581687213,1.3463718350976706,1.4313278952613474,1.483227009885013,1.5048611676320434,1.3334609102457762,2.333588432520628,1.2634211452677847,1.2887896737083793,1.3530044816434384,1.2804705183953047,1.3960672076791525,1.3307823101058603,1.9270762568339706,1.8533588154241443,1.9129605498164893,1.6144628170877696,1.2198128970339895,1.2082979083061219,1.416744664311409,1.1714001884683967,1.4242985052987934,1.1717474553734065,1.1722859926521779,1.208666362799704,1.3482639333233238,1.41922477632761,1.4344175579026342,1.2046981137245894,1.2744402047246695,1.3205640716478229,1.2442885199561716,1.3279407285153866,1.3703585136681796,1.3189271558076144,1.512634684331715,1.7224418697878719,1.5309168957173825,1.7611394869163633,1.4413902536034585,1.3195365900173784,1.474702381528914,1.4778486220166088,1.4633148675784469,1.3021541526541114,1.3451246777549387,1.4633432729169727,1.4853812754154206,1.5377196250483394,1.4573129592463375,1.595932524651289,1.4690689276903868,1.5333050396293402,1.4402564847841859,1.399787375703454,1.385558396577835,1.4630527002736927,1.4282029587775469,1.4022463001310826,1.2918367283418775,1.2672902084887028,1.366347773000598,1.4820011565461755,1.3299249112606049,1.3394487323239446,1.3659793185070158,1.2331065954640508,1.3708616606891156,1.3539682840928436,1.2401076965034009,1.5589073300361634,2.3054350167512895,2.4062711745500566,2.2101120557636024,1.487124478444457,1.3437429443001748,1.5865645837038756,1.4055059291422368,1.2877763947471977,1.2235614703968168,1.2896470725536347,1.576984184794128,1.2174815637990833,1.4916099607944489,1.3629038585349918,1.3754110550507904,1.3942106161266566,1.2778486125171185,1.370641984976828,1.5078585129231215,1.4933389611542225,1.5318169025704265,1.2463860912248493,1.3264596927911044,1.576679409481585,1.4341623755171896,1.3571003219112754,1.3466199161484838,1.2731646420434118,1.2797194067388774,1.3022604398429394,1.3278202386572958,1.4154337113723159,1.3380455784499646,1.6521045472472907,1.8456066027283669,1.534622977487743,1.6525652026757599,1.4485189458355308,1.689675496891141,1.3701459392905236,1.5374362701550127,1.5630243578925729,1.2858560075983406,1.542509882710874,1.649022102355957,1.507745124399662,1.5241142828017474,1.6057256143540145,1.4015872729942203,1.3744472526013852,1.2764455750584603,1.3779336586594582,1.30943872500211,1.3283304870128632,1.5572917181998492,1.3946711551398039,1.6302792355418206,1.3147250283509493,2.3045423440635206,1.8140589818358422,1.306774327531457,1.1995394015684724,1.3666312443092466,1.373852021060884,1.3216340448707343,1.3315901160240174,1.5840419800952078,1.6967899864539505,1.354003674350679,1.4490078901872039,1.6171698225662113,1.2785005383193493,1.3511409051716328,2.0820507779717447,1.4940971741452814,1.4595522079616786,1.346789998933673,1.4578585978597403,1.3938279589638115,1.3634212082251907,1.40729162376374,1.656101201660931,1.3389171799644828,1.402147114276886,1.439682557247579,1.3541950611397625,1.2793083442375065,1.4272392727434636,1.4830357395112515,1.2932114768773318,1.4043508563190699,1.4095166698098183,1.5012187650427223,1.554733607918024,1.3541595544666052,1.2734481133520604,1.6572207678109408,1.2776927324011922,1.2597505701705814,1.2980655301362277,1.2793083442375065,1.604443066753447,1.4655966078862548,1.6298965783789755,1.4557894319295884,1.3515447499230505,1.5031604561954737,1.3410997344180942,1.5370323089882732,2.0708050578832628,1.4090774348005653,1.5405116137117148,1.5388322062790394,1.3739867135882378,1.3979662908241153,1.3110119616612793,1.5733488835394383,1.8600623589009047,1.4223498292267323,1.3155258493497968,1.182029489427805,1.2046343181282282,1.4239229494705797,1.4500991674140096,1.348100951872766,1.1835105251520873,1.1977041140198708,1.3982922537252308,1.4594884123653174,1.5220876084640623,1.3258715625852347,1.7730725230649114,1.6794359544292093,1.4404832618311048,1.442361157387495,1.1543225264176727,1.569494022987783,1.5237670158967376,1.7120890552178026,1.9249008037149907,1.4868906000629068,2.377062104642391,2.3288477677851917,1.4708050293847919,1.2538336450234056,1.308602630160749,1.8880030838772655,1.5658163465559483,1.7196924891322852,1.5100198797881604,1.5330923488363624,1.8714852631092072,1.9257653038948775,1.9552011508494616,1.7597222467884422,1.7013817559927703,1.3928358675912023,1.273093861527741,2.090979367494583,1.434594625607133,1.248738612048328,1.3220380060374737,1.3709679478779436,1.3361749006435276,1.415497506968677,1.4200325822457672,1.680222456343472,1.2741851387545467,1.349837053567171,1.3321853475645185,1.532022375613451,1.3638038653880358,1.3099489733576775,1.9703018479049206,1.4693948905915023,1.525007071904838,1.4808744890615345,1.4718396123498679,1.264250255189836,1.0832767002284527,1.4654832193627954,1.5816326485946775,1.467871363274753,1.2105938512831927,1.285133184865117,1.3809028314426542,1.350276404991746,1.2734977062791587,1.4690547250211239,1.3889456167817116,1.1341695208102465,1.1840632651001216,1.293898792937398,1.3224914437159897,1.7917730147019029,1.4518778771162034,1.529131201095879,1.5262755332514644,1.5205073868855835,1.4777990290895105,1.1857426725327969,1.2197137111797929,1.3548965798690916,1.779428799636662,1.5225056558847428,1.540469122119248,1.3518920168280602,1.3969033025205136,1.8246740801259876,2.1345168352127077,2.200956689193845,2.383496379479766,1.4309169491752983,1.324780285358429,1.2855513487011195,1.7145904712378979,1.769642811268568,1.4373724116012455,1.3383645564317704,1.412542536854744,1.5460317954421044,1.2598426546901465,1.1974489316344262,1.2863733572885395,1.3371952809393407,1.3112386222928763,1.2932822573930026,1.7173540545627475,1.5241638757288457,1.4965349109843374,1.3964639510959387,1.579754869453609,1.8897108966484666,1.4315972803160549,1.7425523838028312,1.931405859068036,2.1462300792336466,2.2631448227912189,1.822016667574644,2.115709939971566,2.047172514721751,1.742991735227406,1.6537981573492289,1.740313251502812,1.569678308442235,2.080335980281234,1.7392715672031046,1.4461735263466836,1.3677863171324134,1.4558177208527923,1.6019628383219243,1.3469954719766975,1.3736040564253927,1.39111396856606,1.3285218738019467,1.2648525880649686,1.327232108451426,2.1312995813786985,1.863903016783297,1.4597930712625385,1.4835671754553915,1.35788694024086,1.2800382683053613,1.781866536475718,1.9444940844550729,1.9980017095804215,1.5383007703348995,1.7347009852528573,1.5251346630975605,1.8857922405004502,1.7737315502017737,1.4880243688821793,1.4406037516891957,1.408191630616784,1.70090701431036,1.4055059291422368,1.4050878817215562,1.4706561341881753,1.4691681135445834,1.367871300317347,1.2518282746896148,1.2885346077382565,1.2296201894059778,1.2955995043739677,1.4995960518717766,1.5819090185686947,1.4560231938958169,1.389299868606031,1.731257070787251,1.5720450319349766,1.530881505459547,1.4885133132338524,1.2433815281838179,1.3133573811501265,1.4780471101403237,1.2503472389653326,1.2511337408795953,1.5486677875742317,1.4776218449696899,1.7749079270288349,1.6798540018498898,1.3670281041413546,1.3443735660985113,1.2783092679455877,1.3202523114159704,1.5315688215196133,1.3772605452686549,1.4518778771162034,1.3611323665827513,1.4464923879131675,1.394324004650116,1.4276077272370458,1.25674600712955,1.7071854090318084,1.495280652306974,1.4315972803160549,1.223412691615522,1.1930980253964663,1.2429067865014077,1.2391582131385804,1.2519912561401725,1.2664328096434475,1.3117488706484438,1.28514738753438,1.300049596466124,1.365497475489974,1.6369118820875884,1.3401077594608069,1.385983545333147,1.2348709860816599,1.5021896688267589,1.5202239155769349,1.2266581179574133,1.1564341839402915,1.445025554858148,1.2461735168471933,1.2087797513231636,1.3675382360816003,1.4120535925030709,1.3588081346824766,1.2535147834569216,1.3006448280066252,1.2192034628242255,1.1936011724174023,1.4146328903734685,1.391220255754888,1.4166028704494239,1.4369685668498278,1.4981080312281848,1.6340489964932204,1.6547477571293712,1.586451195180416,1.3366000493988395,1.2320791138336063,1.2238024501129985,1.284920610487461,1.2947279028594494,1.4971442287787796,1.443622400984168,1.3499078340828419,1.5557610895484687,1.5310090966522694,1.487018191255629,1.2265235418453813,1.33866211399436,1.2756944634020329,1.6857284354045988,1.6472788993269206,1.78528914693743,1.966928830370307,1.7929563764482737,1.8906674813479186,1.8200963968411089,2.3178854025900366,2.0140730775892736,1.4980087289586664,1.5685303369536996,1.4142573345452548,2.557263243943453,1.4070719480514527,1.6405116766691208,1.6346655320376158,1.5682752709835768,1.3586451532319189,1.2711521703749896,1.418218482285738,1.9307752372696996,1.6262116841971875,1.4802154619246722,1.5402777353301645,1.3274730881676078,1.3700751587748528,1.575007103383541,1.688853488303721,1.2783304555341602,1.294494024477899,1.2525084894150496,1.4171769144013525,1.4383078087121249,1.3110402505844832,1.2483418686315418,1.7736181616783143,1.6946641262620688,1.8868977203965188,1.597789116203785,1.2419925769791008,1.1830144794657827,1.49138318374753,1.337202382273972,1.336061512120068,1.3993410393595696,1.3971513835713268,2.1951175294816496,2.1252762526273729,3.2847223337739708,2.654981566593051,1.6759708523750306,1.3236749218776823,1.6154691111296416,1.2998299207538367,1.3336805859580637,1.2862953590229154,1.4023880939930678,1.273320522159338,1.6713931690901518,1.453210017643869,1.3263747096061707,1.6134566394612194,1.5463222516700626,1.3103174278512598,1.4230371452867985,1.5809453325346113,1.7691751709207893,1.5218041371554137,1.31137331482023,1.577288843691349,1.5205498784780503,1.7566467868164182,1.498079625889659,1.322895404882729,1.3235757360234857,1.2727819848805667,1.8716907361522318,1.3267857721075416,1.283397083170712,1.5311791794374586,1.4013322070240975,1.3556192861869932,1.3368764193728567,1.2976544676348568,1.1564696906134487,1.288024359382689,1.3656249502673746,1.2709891889244319,1.3890519039705396,1.5484056202694774,1.3362315949052573,1.6413761768490077,1.741361920721829,1.7060728278011084,1.6769274370744825,1.248710323125124,1.290291897021234,1.4043579576537014,1.285133184865117,1.2190475827082992,1.1910430621355773,1.3844742206856609,1.3618055963888765,1.6146188136190177,1.8660076893866063,1.9031958654522896,2.079818630591035,1.698596985079348,1.6533376183360816,1.347505720332265,1.1686579091474414,1.1179917491972447,1.1723922798410059,1.238832250237465,1.4454578049480916,1.3864937936887146,1.4049035962671042,1.4123228611424566,1.2876912951469422,1.2983701890334488,1.2796627124771476,1.6365646151825786,1.3618976809084416,1.246428582817316,1.1367134284228087,1.2051870580762625,1.2060940498486162,1.2279407819733024,1.404216280207038,1.281313830986619,1.2166950618848205,1.3840064639225603,1.270840410143137,1.4596584951505066,1.356349210254848,1.4771257992833853,2.4796060752123596,2.012967597693205,2.0825325045734646,2.2964924573898317,1.820039702579379,1.7168862977996469,2.5374575052410366,1.4252904802560807,1.2768140295520425,1.2947916984558106,1.4524871949106455,1.5141369076445699,1.9073837902396918,1.4908588491380215,1.4058247907087207,1.4827664708718658,1.5869898488745094,1.3968608109280468,1.3955782633274794,1.3224773574620486,1.490107737481594,1.375588122755289,1.2617205502465368,1.2875638203695417,1.607681391760707,1.7451104940846563,1.3370111119002104,1.499100006185472,1.6039824113249779,1.3230441836640239,1.5199546469375492,1.354003674350679,1.539817196317017,1.9531957805156708,1.7725764773786069,1.6046131495386363,1.8340419046580792,1.7132795182988048,1.7589711351320148,1.548887463286519,1.489526592195034,1.451672287657857,1.354931970126927,1.4770337147638202,1.604443066753447,1.5151005936786533,1.4684381894767285,1.41893420368433,1.6599631635472179,1.9591411110013724,2.253755694255233,2.1519558504223825,2.0407100673764946,1.6870535910129548,1.6084113158285618,1.690391101874411,1.4982143184170128,1.568459440022707,1.4589002821594477,1.3099702773615718,1.58088153693825,1.4292162377387286,1.6273525543510914,1.8950963858515025,2.0853031892329456,1.5625071246176959,2.1221160423010589,1.6941751819103957,1.9004393834620715,1.588626648299396,1.516191870905459,1.4550595078617335,1.3547902926802636,1.4331844868138433,1.5782100381329656,1.50196289177984,1.4958545798435808,1.3932752190157772,1.5538620064035059,1.3962230877950788,1.428174553439021,1.396060106344521,1.402770634740591,1.3980371877551079,1.3981930678710342,1.3932185247540475,1.484686741605401,1.357872737571597,1.6921909991651774,1.3325184118002654,1.4127551112324,1.2526289792731405,1.162244938313961,1.3963080709800125,1.605902798473835,1.5908305067569018,1.6676941886544228,1.8794784555211664,1.4598497655242682,1.553025795146823,1.3091765576973558,1.7479662783443928,1.6106150578707457,1.510303234681487,1.5304279513657094,1.4434594195336104,1.4161139260977507,1.3497094623744488,1.4864016557112337,1.451672287657857,1.3877976452931762,1.404839800670743,1.318282331340015,1.29355164244771,1.4635274419561029,1.4938138192519546,1.3132866006344557,1.2643211521208287,1.183127867989242,1.124376431107521,1.1381306685507298,1.3238450046628714,1.4620890142396093,1.5067956410348416,1.377947861328721,1.3520196080207825,1.5979520976543427,1.408007345162332,1.2481717858463526,1.420365646481514,1.7509282333776355,1.6381448367610574,1.9599914085119963,1.7120323609560729,1.7807964468374849,1.806264161132276,1.6368692740797997,1.5245252288877965,1.396499457769096,1.5408021863549948,1.319012138992548,1.3418863527476788,1.5440122224390507,1.605491735972464,1.4808318810537458,1.2320791138336063,1.2464498868212104,1.4204365434125066,1.3593749608844519,1.2996598379686475,1.25674600712955,1.1829506838694215,1.4033233746886254,1.2969246599823237,1.3800737215206028],"Min":1.071208855137229,"Max":15.0630883872509,"Median":1.448355964384973,"Average":1.5412578920950182,"StandardDeviation":0.4959448554227406,"Sum":3082.5157841900364},{"Name":"LevelGenerator.TickRules","Unit":0,"IncreaseIsBetter":false,"Samples":[75864.0,28960.0,26523.0,94473.0,27021.0,27224.0,25292.0,25330.0,31071.0,29697.0,26146.0,58147.0,53397.0,22063.0,23877.0,24021.0,23000.0,136684.0,235281.0,28166.0,28401.0,27453.0,25921.0,25011.0,24002.0,26155.0,25244.0,25666.0,26922.0,30232.0,37897.0,47210.0,40522.0,89846.0,40041.0,33491.0,29645.0,28533.0,158708.0,26432.0,59878.0,24293.0,24949.0,26293.0,23716.0,27225.0,60626.0,22586.0,20946.0,21198.0,21641.0,21771.0,21252.0,20418.0,29629.0,89983.0,26491.0,24000.0,24114.0,24764.0,22479.0,24606.0,24598.0,27592.0,35100.0,34176.0,34775.0,36162.0,32891.0,74650.0,191153.0,28332.0,27559.0,27769.0,30047.0,31576.0,59777.0,25212.0,27849.0,27323.0,24723.0,26324.0,24863.0,23566.0,26855.0,26904.0,24840.0,23889.0,25245.0,23767.0,25003.0,26511.0,27716.0,26483.0,92029.0,32461.0,32347.0,29434.0,26771.0,40422.0,186169.0,35616.0,35027.0,44261.0,81668.0,32024.0,98505.0,30404.0,28225.0,54193.0,26528.0,47155.0,29602.0,27849.0,32039.0,62269.0,26410.0,25565.0,25536.0,25285.0,24131.0,24676.0,25052.0,64173.0,27640.0,26325.0,30402.0,25871.0,26112.0,25512.0,24168.0,26175.0,4556718.0,55014.0,38979.0,101603.0,90325.0,79104.0,35520.0,54050.0,33602.0,32211.0,33793.0,64952.0,28646.0,30510.0,31238.0,34028.0,32411.0,31243.0,33519.0,32907.0,28189.0,59381.0,26963.0,24426.0,28702.0,27430.0,27689.0,26852.0,31648.0,30045.0,29821.0,29448.0,28484.0,27284.0,679782.0,32304.0,90084.0,50644.0,34304.0,123463.0,35566.0,50707.0,75151.0,34529.0,31724.0,35062.0,35473.0,34618.0,34728.0,35406.0,35966.0,36540.0,41017.0,36161.0,34885.0,33390.0,36066.0,33174.0,39082.0,54020.0,68538.0,27640.0,33917.0,44856.0,33875.0,32722.0,62458.0,120235.0,32927.0,42927.0,48456.0,48710.0,132724.0,48333.0,46233.0,50754.0,504085.0,108731.0,33144.0,67090.0,32576.0,35104.0,33981.0,33678.0,33270.0,30402.0,32317.0,31213.0,35601.0,31311.0,30681.0,30566.0,32568.0,32366.0,31689.0,59688.0,152680.0,59869.0,61515.0,26467.0,25412.0,40510.0,81612.0,38419.0,41090.0,29331.0,40459.0,30061.0,29661.0,26188.0,60963.0,26062.0,28126.0,25734.0,25198.0,99578.0,32729.0,31406.0,28983.0,27664.0,27466.0,28195.0,26584.0,27165.0,27701.0,27474.0,29143.0,28197.0,28004.0,27975.0,27199.0,147966.0,34700.0,34386.0,30634.0,87110.0,89311.0,39758.0,33179.0,37274.0,86277.0,38609.0,31084.0,31680.0,29794.0,28026.0,26124.0,26240.0,31378.0,25070.0,25923.0,28812.0,23166.0,25042.0,118345.0,46020.0,27580.0,28637.0,28464.0,30241.0,35484.0,127620.0,59826.0,28073.0,29345.0,29346.0,29061.0,26537.0,80694.0,56920.0,40909.0,57609.0,35731.0,30415.0,74901.0,58439.0,24760.0,23197.0,26561.0,24221.0,23879.0,25434.0,36942.0,29191.0,33033.0,28307.0,37335.0,45141.0,34540.0,26892.0,26620.0,26583.0,96387.0,27955.0,28323.0,173094.0,32632.0,64728.0,47563.0,68634.0,34440.0,33369.0,44325.0,34599.0,34487.0,71349.0,27844.0,32952.0,30483.0,32465.0,31830.0,31404.0,30054.0,62344.0,25651.0,28127.0,27019.0,26739.0,26570.0,26611.0,24330.0,27074.0,26323.0,23851.0,26580.0,26559.0,27364.0,58105.0,25806.0,123869.0,27384.0,95199.0,27494.0,31659.0,30620.0,28033.0,30338.0,32184.0,35837.0,41367.0,33420.0,36155.0,32266.0,31828.0,29373.0,29906.0,30755.0,32342.0,31394.0,27429.0,30244.0,59567.0,29020.0,28557.0,28117.0,25488.0,54758.0,57467.0,25205.0,23453.0,27094.0,24702.0,26408.0,56706.0,23552.0,169859.0,50351.0,55167.0,28561.0,92232.0,55312.0,30460.0,28174.0,31053.0,31396.0,34849.0,35897.0,34837.0,31626.0,29106.0,38186.0,33497.0,33679.0,31308.0,92301.0,30936.0,31410.0,26904.0,27033.0,28334.0,61823.0,25539.0,25435.0,24856.0,28288.0,26719.0,187637.0,65981.0,31359.0,31423.0,31181.0,29814.0,62885.0,29407.0,28739.0,28757.0,32497.0,107043.0,35802.0,34251.0,37193.0,49354.0,48995.0,63290.0,49337.0,53220.0,40487.0,58306.0,34697.0,31824.0,31554.0,31437.0,32842.0,33165.0,32606.0,65863.0,38616.0,196457.0,70314.0,33007.0,32547.0,32907.0,65975.0,29248.0,30191.0,32922.0,28531.0,29201.0,29183.0,31307.0,29209.0,77245.0,30068.0,32333.0,40856.0,32463.0,102981.0,56676.0,36124.0,34555.0,33369.0,36596.0,35658.0,33886.0,33242.0,32385.0,107706.0,35258.0,36084.0,38035.0,33281.0,31736.0,30900.0,39181.0,64196.0,43082.0,72492.0,66929.0,29332.0,41847.0,31066.0,31237.0,70818.0,29972.0,28207.0,27775.0,29887.0,28005.0,28002.0,36055.0,29920.0,28530.0,38722.0,31094.0,101413.0,29807.0,31438.0,31805.0,32020.0,29360.0,64928.0,248456.0,33322.0,32227.0,32597.0,32498.0,71220.0,66899.0,32571.0,32981.0,61641.0,27729.0,28789.0,56603.0,24562.0,56296.0,21730.0,21045.0,20179.0,19481.0,23117.0,30941.0,23932.0,25764.0,35002.0,26236.0,23565.0,21470.0,31932.0,25130.0,158493.0,25881.0,27424.0,95198.0,65374.0,29347.0,26779.0,28902.0,26964.0,30087.0,29682.0,28724.0,33232.0,27615.0,27625.0,28643.0,28045.0,28442.0,26464.0,28808.0,26944.0,29373.0,26665.0,29113.0,52776.0,30940.0,28283.0,27629.0,24401.0,26492.0,199466.0,32230.0,34302.0,37422.0,35026.0,33495.0,34225.0,31866.0,56357.0,29442.0,30048.0,100263.0,32102.0,59295.0,29443.0,30423.0,35364.0,28497.0,29656.0,29538.0,29154.0,29641.0,30632.0,35229.0,31172.0,31193.0,36306.0,30854.0,28665.0,29463.0,29001.0,29983.0,60132.0,103971.0,32011.0,29630.0,84748.0,49005.0,82052.0,27762.0,28647.0,29025.0,28618.0,24217.0,62472.0,27111.0,24505.0,29278.0,21571.0,26401.0,91268.0,31192.0,32390.0,29719.0,32003.0,31847.0,100436.0,27124.0,27868.0,28227.0,26694.0,160802.0,56950.0,27929.0,59868.0,27207.0,234304.0,45439.0,251783.0,89407.0,94138.0,34827.0,32575.0,34500.0,32702.0,47078.0,47882.0,75453.0,40602.0,29334.0,32725.0,30477.0,33034.0,50295.0,46204.0,35433.0,44902.0,31623.0,939494.0,38646.0,36207.0,48042.0,50670.0,45363.0,47260.0,32452.0,183646.0,39720.0,38386.0,56921.0,83117.0,39446.0,37980.0,54567.0,41286.0,36021.0,34316.0,32902.0,37317.0,80489.0,36826.0,350339.0,81218.0,52794.0,33185.0,31440.0,31544.0,28108.0,29575.0,33050.0,33957.0,30200.0,30564.0,29314.0,31058.0,32786.0,111922.0,35372.0,64439.0,31602.0,32247.0,31427.0,156198.0,36370.0,68938.0,32709.0,30791.0,31650.0,60230.0,30585.0,36837.0,88823.0,37864.0,39775.0,33774.0,28673.0,40026.0,65500.0,34346.0,33331.0,29663.0,30209.0,31577.0,27922.0,29848.0,29930.0,29224.0,52765.0,25177.0,28574.0,28180.0,26652.0,32566.0,64726.0,29548.0,130971.0,123540.0,29452.0,31537.0,34011.0,30398.0,57667.0,29927.0,32416.0,31906.0,38796.0,31668.0,41394.0,29940.0,37833.0,28774.0,28404.0,28345.0,37052.0,26809.0,27260.0,53528.0,25178.0,27446.0,32819.0,30692.0,25012.0,25078.0,24596.0,25653.0,35149.0,28672.0,35156.0,100258.0,32354.0,121838.0,27088.0,24457.0,86417.0,27874.0,34946.0,67323.0,24549.0,26045.0,28272.0,23960.0,33104.0,68151.0,27349.0,24548.0,24236.0,24481.0,26238.0,24367.0,25086.0,27898.0,26077.0,25701.0,25269.0,62285.0,23045.0,22580.0,32367.0,21762.0,24276.0,22996.0,22042.0,23875.0,161533.0,30384.0,38802.0,63675.0,27642.0,27429.0,33326.0,27217.0,63407.0,93876.0,31553.0,30973.0,37833.0,38610.0,30983.0,28543.0,41493.0,28583.0,28288.0,40519.0,29219.0,28655.0,27968.0,28878.0,29407.0,37919.0,28868.0,28850.0,27763.0,199494.0,35523.0,31981.0,29938.0,39615.0,30521.0,31793.0,77629.0,29572.0,95344.0,43815.0,41016.0,32730.0,35274.0,31307.0,33364.0,33575.0,44950.0,114038.0,32744.0,59367.0,39186.0,48322.0,36344.0,49967.0,45305.0,46424.0,38891.0,75711.0,35425.0,31793.0,211118.0,41097.0,44985.0,41534.0,46191.0,58113.0,79653.0,40347.0,139918.0,36492.0,35660.0,35075.0,46680.0,51551.0,137997.0,74134.0,363347.0,52352.0,57290.0,41203.0,39590.0,36271.0,38087.0,36239.0,40261.0,118963.0,39191.0,46927.0,49455.0,44181.0,41884.0,188348.0,46817.0,44602.0,104041.0,41108.0,43141.0,62080.0,62116.0,64319.0,102997.0,58345.0,58230.0,41955.0,75559.0,39431.0,77241.0,88006.0,36463.0,36401.0,35140.0,31154.0,33399.0,41160.0,34018.0,31824.0,40613.0,45226.0,34837.0,46553.0,36061.0,33315.0,496366.0,65199.0,146684.0,135437.0,42424.0,41825.0,40726.0,74396.0,149816.0,47864.0,34582.0,35630.0,34284.0,38177.0,38108.0,36433.0,38161.0,73086.0,43878.0,46931.0,35820.0,47490.0,34820.0,88502.0,28313.0,32656.0,28257.0,28690.0,30009.0,27257.0,41637.0,43787.0,144938.0,32921.0,35620.0,36622.0,66532.0,30573.0,65597.0,30596.0,102685.0,37452.0,36598.0,30950.0,71047.0,35827.0,32330.0,31777.0,31669.0,30969.0,30539.0,39554.0,29974.0,30833.0,39406.0,30263.0,32319.0,30872.0,30940.0,30472.0,32396.0,64639.0,27156.0,35892.0,38029.0,82983.0,300186.0,76784.0,34577.0,30280.0,46390.0,61368.0,32659.0,119794.0,28688.0,27899.0,30926.0,34181.0,30691.0,111872.0,30940.0,30901.0,30106.0,32424.0,31349.0,32076.0,30770.0,32129.0,31517.0,33730.0,31385.0,86265.0,34998.0,37018.0,31146.0,33126.0,34401.0,31950.0,254863.0,67684.0,118971.0,40013.0,201567.0,47236.0,34066.0,70926.0,34972.0,31990.0,32946.0,30819.0,31009.0,34394.0,29639.0,31726.0,33771.0,31953.0,232621.0,106870.0,38694.0,36373.0,35376.0,41322.0,34760.0,53087.0,44876.0,52024.0,52934.0,52533.0,52193.0,67321.0,83441.0,78139.0,33646.0,128684.0,39283.0,41040.0,40866.0,89753.0,74102.0,32291.0,30547.0,124896.0,29358.0,31464.0,54510.0,27934.0,39742.0,37184.0,29145.0,29639.0,35322.0,37879.0,26491.0,28682.0,27294.0,129845.0,34553.0,30573.0,33293.0,30059.0,30355.0,30076.0,32005.0,33660.0,165623.0,35209.0,36207.0,34252.0,39615.0,34726.0,65532.0,31399.0,64325.0,33474.0,34579.0,33279.0,66866.0,25260.0,58923.0,27221.0,25690.0,26317.0,25963.0,28793.0,22127.0,25697.0,23478.0,24722.0,34349.0,24490.0,28434.0,27106.0,25011.0,24955.0,97377.0,185790.0,36613.0,38114.0,32547.0,35526.0,38003.0,36508.0,78595.0,31815.0,29930.0,34002.0,37655.0,35884.0,33600.0,35025.0,34932.0,35187.0,34456.0,33998.0,34717.0,68199.0,42594.0,32883.0,32521.0,32389.0,32212.0,31477.0,34840.0,32525.0,32669.0,32741.0,30432.0,222950.0,84627.0,38424.0,83212.0,37489.0,131142.0,36210.0,39698.0,42964.0,38740.0,38975.0,84299.0,44942.0,38696.0,38628.0,55681.0,57589.0,53404.0,54790.0,63047.0,56691.0,53816.0,42792.0,92299.0,39025.0,36014.0,82964.0,36161.0,33827.0,33532.0,34005.0,38812.0,36100.0,37440.0,149550.0,31468.0,30760.0,30733.0,50072.0,38895.0,74564.0,35804.0,40523.0,35530.0,136226.0,52429.0,39818.0,77219.0,35615.0,34636.0,67694.0,42163.0,40705.0,36086.0,36630.0,46143.0,37057.0,35947.0,35104.0,34794.0,36175.0,56979.0,33603.0,35705.0,92793.0,30351.0,69723.0,162668.0,33274.0,30862.0,29484.0,102902.0,29287.0,27147.0,40750.0,41929.0,32684.0,30083.0,30073.0,67071.0,28159.0,27310.0,100030.0,31942.0,41296.0,31235.0,27165.0,29990.0,34227.0,28960.0,41204.0,31870.0,29422.0,32366.0,33012.0,29837.0,105291.0,31288.0,31179.0,36371.0,29230.0,66290.0,30566.0,92825.0,26618.0,34836.0,57172.0,66665.0,26177.0,23405.0,25281.0,28078.0,24726.0,24910.0,32074.0,26350.0,31375.0,25545.0,25158.0,24845.0,206094.0,42387.0,39184.0,38521.0,28732.0,27079.0,26510.0,27630.0,157651.0,31228.0,28292.0,28363.0,61025.0,63770.0,84366.0,29124.0,30116.0,28094.0,29503.0,26927.0,61585.0,53536.0,22383.0,35235.0,28075.0,24069.0,27160.0,26609.0,28183.0,34038.0,26604.0,27308.0,25557.0,28575.0,25949.0,25503.0,26083.0,28278.0,31741.0,152318.0,28470.0,33406.0,63843.0,27555.0,31045.0,30130.0,28999.0,28014.0,29210.0,29811.0,35776.0,29116.0,26654.0,27461.0,27425.0,53030.0,29113.0,27248.0,36673.0,41323.0,71173.0,37178.0,25385.0,24325.0,29200.0,26137.0,26211.0,24505.0,155686.0,28884.0,29204.0,34152.0,32276.0,104027.0,28472.0,63004.0,25706.0,99121.0,38540.0,29910.0,29839.0,81720.0,28276.0,31970.0,29579.0,28763.0,28098.0,28475.0,29710.0,30613.0,29147.0,27158.0,40208.0,32134.0,83625.0,29990.0,31510.0,30822.0,60865.0,27712.0,30629.0,112337.0,26909.0,35993.0,28361.0,32664.0,31788.0,61136.0,25551.0,26459.0,25063.0,26663.0,62415.0,26436.0,24625.0,27229.0,98015.0,31624.0,29698.0,26979.0,25417.0,30361.0,27520.0,28832.0,27310.0,38834.0,36906.0,27968.0,28302.0,28035.0,27171.0,159757.0,35497.0,64543.0,34479.0,69736.0,59050.0,25125.0,23927.0,27718.0,29217.0,60896.0,25606.0,24432.0,22453.0,25550.0,39701.0,24948.0,23940.0,25481.0,21962.0,25657.0,26200.0,30292.0,98666.0,25902.0,27428.0,26599.0,24766.0,25072.0,30753.0,27960.0,26465.0,35590.0,50458.0,27518.0,25882.0,282409.0,34616.0,32921.0,44377.0,32816.0,30083.0,37017.0,49952.0,66510.0,30843.0,31707.0,26909.0,25871.0,27773.0,31552.0,30648.0,29250.0,28075.0,27005.0,36498.0,28609.0,29420.0,30827.0,41455.0,42686.0,98019.0,33483.0,29862.0,34088.0,49278.0,46981.0,37800.0,210584.0,83513.0,37477.0,33660.0,32593.0,45833.0,45414.0,72730.0,35438.0,33985.0,34464.0,51439.0,32652.0,45313.0,87606.0,30243.0,29021.0,37228.0,30811.0,26412.0,28389.0,24528.0,28455.0,26981.0,30322.0,27256.0,29140.0,27578.0,28475.0,54713.0,28770.0,57096.0,178147.0,43838.0,31961.0,45561.0,66216.0,28689.0,29214.0,26176.0,39825.0,31550.0,30553.0,29674.0,62962.0,29422.0,27855.0,28000.0,36946.0,26834.0,24990.0,25441.0,38510.0,73327.0,31607.0,25013.0,36215.0,28979.0,27173.0,30095.0,23035.0,25080.0,168374.0,31412.0,33000.0,32492.0,30254.0,48558.0,39522.0,113012.0,257616.0,36472.0,34616.0,32580.0,61073.0,33575.0,32320.0,30396.0,31051.0,26939.0,29215.0,29689.0,27610.0,28866.0,28669.0,28493.0,41896.0,30336.0,32363.0,29980.0,28389.0,213865.0,37058.0,31863.0,48449.0,83231.0,94366.0,49599.0,76092.0,48675.0,48679.0,41500.0,44028.0,34712.0,63164.0,47828.0,35752.0,30867.0,29689.0,113489.0,33235.0,33297.0,33698.0,31047.0,32336.0,32974.0,46075.0,36881.0,39470.0,52442.0,34100.0,33391.0,34239.0,38921.0,167004.0,44656.0,36635.0,40001.0,71713.0,81691.0,63932.0,43024.0,28554.0,42996.0,30866.0,28692.0,61960.0,28549.0,33638.0,31708.0,24800.0,23104.0,26119.0,24830.0,28904.0,26903.0,26061.0,100391.0,36837.0,40562.0,31562.0,29991.0,28179.0,63967.0,26976.0,47512.0,156443.0,31142.0,47924.0,87091.0,32747.0,41228.0,30644.0,59153.0,26967.0,29752.0,57011.0,28091.0,61356.0,25078.0,29748.0,22622.0,24807.0,33974.0,26387.0,41321.0,24578.0,23201.0,21306.0,21875.0,24544.0,22630.0,27727.0,23750.0,21889.0,87072.0,25371.0,42126.0,26138.0,35885.0,65684.0,26521.0,23764.0,119904.0,27946.0,28195.0,25798.0,30757.0,29107.0,28828.0,24831.0,25995.0,27566.0,26855.0,37325.0,37459.0,60568.0,35535.0,37656.0,37191.0,28099.0,27230.0,25348.0,24245.0,23948.0,22625.0,49520.0,30629.0,27453.0,26745.0,34293.0,28160.0,27022.0,54235.0,88786.0,179981.0,38141.0,210519.0,46238.0,35467.0,48097.0,111737.0,35677.0,34301.0,36250.0,45721.0,33320.0,33972.0,34354.0,32935.0,32801.0,35186.0,33249.0,29409.0,31203.0,65889.0,32416.0,30094.0,31562.0,29615.0,28894.0,27249.0,29276.0,29306.0,29669.0,27736.0,106126.0,28831.0,31086.0,30216.0,28272.0,33273.0,106149.0,70168.0,30096.0,30427.0,28283.0,31548.0,57168.0,29462.0,31099.0,36927.0,41001.0,44492.0,59646.0,44712.0,32902.0,31373.0,30263.0,67833.0,30354.0,30160.0,29974.0,73659.0,30038.0,29291.0,36563.0,38895.0,26830.0,64180.0,153649.0,53203.0,29894.0,27500.0,27699.0,40487.0,62059.0,35238.0,25637.0,25316.0,23748.0,95608.0,29628.0,28912.0,26988.0,60079.0,28821.0,29416.0,27753.0,26520.0,26588.0,27291.0,26925.0,27311.0,34531.0,35002.0,27580.0,29390.0,38525.0,32766.0,27735.0,67617.0,148579.0,29913.0,42238.0,26519.0,26267.0,28354.0,30666.0,60788.0,33428.0,40662.0,28202.0,37161.0,31137.0,29445.0,29505.0,26347.0,26739.0,93908.0,29825.0,42185.0,32171.0,30464.0,30901.0,29177.0,29874.0,29664.0,28903.0,28258.0,27125.0,27652.0,28058.0,31036.0,29608.0,27981.0,57941.0,26715.0,177514.0,32675.0,63479.0,30734.0,43391.0,43528.0,89961.0,40925.0,40528.0,42522.0,46663.0,30510.0,30011.0,30731.0,29597.0,35309.0,34060.0,32356.0,31365.0,102242.0,33291.0,33179.0,34159.0,33499.0,33414.0,34335.0,32226.0,71141.0,34230.0,33018.0,32976.0,159747.0,36068.0,70054.0,34440.0,32284.0,51442.0,48174.0,36955.0,78040.0,76918.0,28456.0,31017.0,29875.0,30333.0,27858.0,25010.0,28040.0,32153.0,29234.0,27647.0,28441.0,43050.0,40874.0,42772.0,42486.0,41844.0,31725.0,118271.0,35000.0,34823.0,33278.0,33412.0,69609.0,33190.0,28256.0,32826.0,235329.0,40585.0,148218.0,51546.0,36768.0,49543.0,67033.0,34935.0,34446.0,65817.0,30500.0,35485.0,70071.0,29052.0,30382.0,29926.0,31999.0,32213.0,29984.0,30884.0,30337.0,29960.0,28267.0,30930.0,28358.0,30773.0,29447.0,30604.0,28387.0,95779.0,180363.0,37599.0,52122.0,92231.0,37030.0,36146.0,34243.0,32977.0,82031.0,40859.0,36899.0,35649.0,35130.0,33668.0,31622.0,46737.0,33785.0,33199.0,35190.0,33068.0,63579.0,26529.0,30174.0,28808.0,26890.0,26669.0,25844.0,25677.0,30240.0,29691.0,32211.0,32122.0,121795.0,59394.0,25300.0,54634.0,28261.0,37903.0,147208.0,68250.0,85843.0,39809.0,41748.0,30078.0,30335.0,30962.0,29814.0,27590.0,25797.0,68099.0,29248.0,27660.0,26669.0,27076.0,26290.0,25267.0,28138.0,24152.0,59870.0,23849.0,25936.0,24441.0],"Min":19481.0,"Max":4556718.0,"Median":32536.0,"Average":47618.323,"StandardDeviation":109999.14903396153,"Sum":95236646.0},{"Name":"LevelGenerator.SyncTransforms","Unit":0,"IncreaseIsBetter":false,"Samples":[1294.0,0.0,0.0,68773.0,0.0,0.0,0.0,0.0,0.0,0.0,0.0,33797.0,62321.0,0.0,0.0,0.0,0.0,66343.0,103620.0,0.0,0.0,0.0,0.0,0.0,0.0,0.0,0.0,0.0,0.0,0.0,0.0,0.0,0.0,0.0,0.0,0.0,0.0,0.0,61099.0,0.0,61210.0,0.0,0.0,0.0,0.0,0.0,65607.0,0.0,0.0,0.0,0.0,0.0,0.0,0.0,0.0,65416.0,0.0,0.0,0.0,0.0,0.0,0.0,0.0,0.0,0.0,0.0,0.0,0.0,0.0,44139.0,59818.0,0.0,0.0,0.0,0.0,0.0,72674.0,0.0,0.0,0.0,0.0,0.0,0.0,0.0,0.0,0.0,0.0,0.0,0.0,0.0,0.0,0.0,0.0,0.0,70821.0,0.0,0.0,0.0,0.0,0.0,52428.0,0.0,0.0,0.0,43271.0,0.0,0.0,0.0,0.0,46307.0,0.0,0.0,0.0,0.0,0.0,58894.0,0.0,0.0,0.0,0.0,0.0,0.0,0.0,0.0,0.0,0.0,0.0,0.0,0.0,0.0,0.0,0.0,83034.0,0.0,0.0,0.0,41217.0,1235.0,0.0,0.0,0.0,0.0,0.0,59886.0,0.0,0.0,0.0,0.0,0.0,0.0,0.0,0.0,0.0,46843.0,0.0,0.0,0.0,0.0,0.0,0.0,0.0,0.0,0.0,0.0,0.0,0.0,74697.0,0.0,81078.0,0.0,0.0,44523.0,0.0,0.0,64326.0,0.0,0.0,0.0,0.0,0.0,0.0,0.0,0.0,0.0,0.0,0.0,0.0,0.0,0.0,0.0,0.0,0.0,70438.0,0.0,0.0,0.0,0.0,0.0,61615.0,88827.0,0.0,0.0,0.0,0.0,77011.0,0.0,0.0,0.0,45008.0,44282.0,0.0,68583.0,0.0,0.0,0.0,0.0,0.0,0.0,0.0,0.0,0.0,0.0,0.0,0.0,0.0,0.0,0.0,64672.0,61320.0,56332.0,32574.0,0.0,0.0,0.0,85289.0,0.0,0.0,0.0,0.0,0.0,0.0,0.0,84407.0,0.0,0.0,0.0,0.0,119610.0,0.0,0.0,0.0,0.0,0.0,0.0,0.0,0.0,0.0,0.0,0.0,0.0,0.0,0.0,0.0,67779.0,0.0,0.0,0.0,116899.0,118405.0,0.0,0.0,0.0,70290.0,0.0,0.0,0.0,0.0,0.0,0.0,0.0,0.0,0.0,0.0,0.0,0.0,0.0,85370.0,0.0,0.0,0.0,0.0,0.0,0.0,57246.0,69236.0,0.0,0.0,0.0,0.0,0.0,44541.0,0.0,0.0,0.0,0.0,0.0,0.0,49535.0,0.0,0.0,0.0,0.0,0.0,0.0,0.0,0.0,0.0,0.0,0.0,0.0,0.0,0.0,0.0,0.0,141330.0,0.0,0.0,63418.0,0.0,70561.0,0.0,71529.0,0.0,0.0,0.0,0.0,0.0,58380.0,0.0,0.0,0.0,0.0,0.0,0.0,0.0,63722.0,0.0,0.0,0.0,0.0,0.0,0.0,0.0,0.0,0.0,0.0,0.0,0.0,0.0,76285.0,0.0,76877.0,0.0,63136.0,0.0,0.0,0.0,0.0,0.0,0.0,0.0,0.0,0.0,0.0,0.0,0.0,0.0,0.0,0.0,0.0,0.0,0.0,0.0,66423.0,0.0,0.0,0.0,0.0,0.0,55354.0,0.0,0.0,0.0,0.0,0.0,57573.0,0.0,49596.0,0.0,82377.0,0.0,76645.0,58386.0,0.0,0.0,0.0,0.0,0.0,0.0,0.0,0.0,0.0,0.0,0.0,0.0,0.0,0.0,0.0,0.0,0.0,0.0,0.0,73778.0,0.0,0.0,0.0,0.0,0.0,39663.0,29299.0,0.0,0.0,0.0,0.0,58752.0,0.0,0.0,0.0,0.0,59248.0,0.0,0.0,0.0,0.0,0.0,0.0,0.0,0.0,0.0,0.0,0.0,0.0,0.0,0.0,0.0,0.0,0.0,73066.0,0.0,97294.0,90044.0,0.0,0.0,0.0,70449.0,0.0,0.0,0.0,0.0,0.0,0.0,0.0,0.0,71443.0,0.0,0.0,0.0,0.0,90562.0,0.0,0.0,0.0,0.0,0.0,0.0,0.0,0.0,0.0,75588.0,0.0,0.0,0.0,0.0,0.0,0.0,0.0,1400.0,0.0,65597.0,74674.0,0.0,0.0,0.0,0.0,38597.0,0.0,0.0,0.0,0.0,0.0,0.0,0.0,0.0,0.0,0.0,0.0,87139.0,0.0,0.0,0.0,0.0,0.0,64243.0,65121.0,0.0,0.0,0.0,0.0,36429.0,0.0,0.0,0.0,74505.0,0.0,0.0,64059.0,0.0,44630.0,0.0,0.0,0.0,0.0,0.0,0.0,0.0,0.0,0.0,0.0,0.0,0.0,0.0,0.0,78710.0,0.0,0.0,61020.0,66139.0,0.0,0.0,0.0,0.0,0.0,0.0,0.0,0.0,0.0,0.0,0.0,0.0,0.0,0.0,0.0,0.0,0.0,0.0,0.0,1032.0,0.0,0.0,0.0,0.0,0.0,76012.0,0.0,0.0,0.0,0.0,0.0,0.0,0.0,1228.0,0.0,0.0,41123.0,0.0,54300.0,0.0,0.0,0.0,0.0,0.0,0.0,0.0,0.0,0.0,0.0,0.0,0.0,0.0,0.0,0.0,0.0,0.0,0.0,45413.0,150369.0,0.0,0.0,83949.0,0.0,34370.0,0.0,0.0,0.0,0.0,0.0,49599.0,0.0,0.0,0.0,0.0,0.0,67353.0,0.0,0.0,0.0,0.0,0.0,0.0,0.0,0.0,0.0,0.0,0.0,57335.0,0.0,51763.0,0.0,67073.0,0.0,0.0,1610.0,83793.0,0.0,0.0,0.0,0.0,0.0,0.0,63131.0,0.0,0.0,0.0,0.0,0.0,0.0,0.0,0.0,0.0,0.0,63408.0,0.0,0.0,0.0,0.0,0.0,0.0,0.0,71914.0,0.0,0.0,0.0,91715.0,0.0,0.0,0.0,0.0,0.0,0.0,0.0,0.0,74409.0,0.0,0.0,0.0,0.0,0.0,0.0,0.0,0.0,0.0,0.0,0.0,0.0,0.0,0.0,0.0,0.0,51511.0,0.0,74067.0,0.0,0.0,0.0,54553.0,0.0,83808.0,0.0,0.0,0.0,57733.0,0.0,0.0,72654.0,0.0,0.0,0.0,0.0,0.0,48876.0,0.0,0.0,0.0,0.0,0.0,0.0,0.0,0.0,0.0,0.0,0.0,0.0,0.0,0.0,0.0,181247.0,0.0,67889.0,69390.0,0.0,0.0,0.0,0.0,1179.0,0.0,0.0,0.0,0.0,0.0,0.0,0.0,0.0,0.0,0.0,0.0,0.0,0.0,0.0,1019.0,0.0,0.0,0.0,0.0,0.0,0.0,0.0,0.0,0.0,0.0,0.0,56448.0,0.0,22239.0,0.0,0.0,58570.0,0.0,0.0,35166.0,0.0,0.0,0.0,0.0,0.0,0.0,0.0,0.0,0.0,0.0,0.0,0.0,0.0,0.0,0.0,0.0,0.0,46752.0,0.0,0.0,0.0,0.0,0.0,0.0,0.0,0.0,79080.0,0.0,0.0,77768.0,0.0,0.0,0.0,0.0,49245.0,25439.0,0.0,0.0,0.0,0.0,0.0,0.0,0.0,0.0,0.0,0.0,0.0,0.0,0.0,0.0,0.0,0.0,0.0,0.0,0.0,64358.0,0.0,0.0,0.0,0.0,0.0,0.0,59792.0,0.0,0.0,0.0,0.0,0.0,0.0,0.0,0.0,0.0,0.0,69443.0,0.0,0.0,0.0,0.0,0.0,0.0,0.0,0.0,0.0,0.0,0.0,0.0,62672.0,0.0,0.0,0.0,0.0,0.0,95026.0,0.0,52709.0,0.0,0.0,0.0,0.0,0.0,100807.0,0.0,0.0,0.0,0.0,0.0,0.0,0.0,0.0,0.0,0.0,87320.0,0.0,0.0,0.0,0.0,0.0,66759.0,0.0,0.0,93151.0,0.0,0.0,0.0,0.0,0.0,2022.0,0.0,0.0,0.0,99150.0,0.0,117483.0,76875.0,0.0,0.0,0.0,0.0,0.0,0.0,0.0,0.0,0.0,0.0,0.0,0.0,0.0,0.0,69613.0,1300.0,63439.0,92111.0,0.0,0.0,0.0,0.0,54390.0,0.0,0.0,0.0,0.0,0.0,0.0,0.0,0.0,61681.0,0.0,0.0,0.0,0.0,0.0,81062.0,0.0,0.0,0.0,0.0,0.0,0.0,0.0,0.0,119126.0,0.0,0.0,0.0,1548.0,0.0,54304.0,0.0,71227.0,0.0,0.0,0.0,34312.0,0.0,0.0,0.0,0.0,0.0,0.0,0.0,0.0,0.0,0.0,0.0,0.0,0.0,0.0,0.0,0.0,59748.0,0.0,0.0,0.0,40837.0,74457.0,58142.0,0.0,0.0,0.0,0.0,0.0,48146.0,0.0,0.0,0.0,0.0,0.0,65002.0,0.0,0.0,0.0,0.0,0.0,0.0,0.0,0.0,0.0,0.0,0.0,0.0,0.0,0.0,0.0,0.0,0.0,0.0,0.0,50471.0,87381.0,0.0,184927.0,0.0,0.0,70262.0,0.0,0.0,0.0,0.0,0.0,0.0,0.0,0.0,0.0,0.0,0.0,57054.0,0.0,0.0,0.0,0.0,0.0,0.0,0.0,0.0,0.0,0.0,0.0,0.0,0.0,66458.0,0.0,84903.0,0.0,0.0,0.0,80380.0,125404.0,0.0,0.0,231696.0,0.0,0.0,1116.0,0.0,0.0,0.0,0.0,0.0,0.0,0.0,0.0,0.0,0.0,30712.0,0.0,0.0,0.0,0.0,0.0,0.0,0.0,0.0,77001.0,0.0,0.0,0.0,0.0,0.0,65113.0,0.0,59824.0,0.0,0.0,0.0,49759.0,0.0,52823.0,0.0,0.0,0.0,0.0,0.0,0.0,0.0,0.0,0.0,0.0,0.0,0.0,0.0,0.0,0.0,74390.0,36870.0,0.0,0.0,0.0,0.0,0.0,0.0,58384.0,0.0,0.0,0.0,0.0,0.0,0.0,0.0,0.0,0.0,0.0,0.0,0.0,50585.0,0.0,0.0,0.0,0.0,0.0,0.0,0.0,0.0,0.0,0.0,0.0,71734.0,0.0,0.0,71634.0,0.0,110562.0,0.0,0.0,0.0,0.0,0.0,138076.0,0.0,0.0,0.0,0.0,0.0,0.0,0.0,0.0,0.0,0.0,0.0,0.0,0.0,0.0,61897.0,0.0,0.0,0.0,0.0,0.0,0.0,0.0,53165.0,0.0,0.0,0.0,0.0,0.0,85618.0,0.0,0.0,0.0,63022.0,0.0,0.0,63863.0,0.0,0.0,0.0,0.0,0.0,0.0,0.0,0.0,0.0,0.0,0.0,0.0,0.0,0.0,0.0,0.0,63762.0,0.0,54433.0,51432.0,0.0,0.0,0.0,60220.0,0.0,0.0,0.0,0.0,0.0,0.0,0.0,87588.0,0.0,0.0,46616.0,0.0,0.0,0.0,0.0,0.0,0.0,0.0,0.0,0.0,0.0,0.0,0.0,0.0,75865.0,0.0,0.0,0.0,0.0,60204.0,0.0,47649.0,0.0,0.0,60448.0,0.0,0.0,0.0,0.0,0.0,0.0,0.0,0.0,0.0,0.0,0.0,0.0,0.0,74386.0,0.0,0.0,0.0,0.0,0.0,0.0,0.0,58602.0,0.0,0.0,0.0,63303.0,0.0,38443.0,0.0,0.0,0.0,0.0,0.0,77603.0,65112.0,0.0,0.0,0.0,0.0,0.0,0.0,0.0,0.0,0.0,0.0,0.0,0.0,0.0,0.0,0.0,0.0,0.0,52135.0,0.0,0.0,75507.0,0.0,0.0,0.0,0.0,0.0,0.0,0.0,0.0,0.0,0.0,0.0,0.0,0.0,0.0,0.0,0.0,0.0,54167.0,0.0,0.0,0.0,0.0,0.0,0.0,0.0,128227.0,0.0,0.0,0.0,0.0,38058.0,0.0,78318.0,0.0,80085.0,0.0,0.0,0.0,34258.0,0.0,0.0,0.0,0.0,0.0,0.0,0.0,0.0,0.0,0.0,0.0,0.0,0.0,0.0,0.0,0.0,50422.0,0.0,0.0,60769.0,0.0,0.0,0.0,0.0,0.0,66365.0,0.0,0.0,0.0,0.0,81581.0,0.0,0.0,0.0,66479.0,0.0,0.0,0.0,0.0,0.0,0.0,0.0,0.0,0.0,0.0,0.0,0.0,0.0,0.0,68512.0,0.0,57771.0,0.0,52178.0,48278.0,0.0,0.0,0.0,0.0,49434.0,0.0,0.0,0.0,0.0,0.0,0.0,0.0,0.0,0.0,0.0,0.0,0.0,56436.0,0.0,0.0,0.0,0.0,0.0,0.0,0.0,0.0,0.0,0.0,0.0,0.0,79260.0,0.0,0.0,0.0,0.0,0.0,0.0,0.0,66393.0,0.0,0.0,0.0,0.0,0.0,0.0,0.0,0.0,0.0,0.0,0.0,0.0,0.0,0.0,0.0,0.0,55144.0,0.0,0.0,0.0,0.0,0.0,0.0,84427.0,1667.0,0.0,0.0,0.0,0.0,0.0,54033.0,0.0,0.0,0.0,0.0,0.0,0.0,88125.0,0.0,0.0,0.0,0.0,0.0,0.0,0.0,0.0,0.0,0.0,0.0,0.0,0.0,0.0,48219.0,0.0,56622.0,56413.0,0.0,0.0,0.0,101719.0,0.0,0.0,0.0,0.0,0.0,0.0,0.0,51820.0,0.0,0.0,0.0,0.0,0.0,0.0,0.0,0.0,74545.0,0.0,0.0,0.0,0.0,0.0,0.0,0.0,0.0,62567.0,0.0,0.0,0.0,0.0,0.0,0.0,63131.0,90014.0,0.0,0.0,0.0,68213.0,0.0,0.0,0.0,0.0,0.0,0.0,0.0,0.0,0.0,0.0,0.0,0.0,0.0,0.0,0.0,0.0,62412.0,0.0,0.0,0.0,0.0,92101.0,0.0,65018.0,0.0,0.0,0.0,0.0,0.0,1267.0,0.0,0.0,0.0,0.0,63266.0,0.0,0.0,0.0,0.0,0.0,0.0,0.0,0.0,0.0,0.0,0.0,0.0,0.0,0.0,98257.0,0.0,0.0,0.0,56262.0,1543.0,56036.0,0.0,0.0,0.0,0.0,0.0,47405.0,0.0,0.0,0.0,0.0,0.0,0.0,0.0,0.0,0.0,0.0,55557.0,0.0,0.0,0.0,0.0,0.0,67453.0,0.0,0.0,55067.0,0.0,0.0,60425.0,0.0,0.0,0.0,55488.0,0.0,0.0,51976.0,0.0,59091.0,0.0,0.0,0.0,0.0,0.0,0.0,0.0,0.0,0.0,0.0,0.0,0.0,0.0,0.0,0.0,0.0,26787.0,0.0,0.0,0.0,0.0,66732.0,0.0,0.0,47227.0,0.0,0.0,0.0,0.0,0.0,0.0,0.0,0.0,0.0,0.0,0.0,0.0,47773.0,0.0,0.0,0.0,0.0,0.0,0.0,0.0,0.0,0.0,0.0,0.0,0.0,0.0,0.0,0.0,0.0,42611.0,47782.0,42700.0,0.0,88226.0,0.0,0.0,0.0,107853.0,0.0,0.0,0.0,0.0,0.0,0.0,0.0,0.0,0.0,0.0,0.0,0.0,0.0,88821.0,0.0,0.0,0.0,0.0,0.0,0.0,0.0,0.0,0.0,0.0,52573.0,0.0,0.0,0.0,0.0,0.0,84454.0,76946.0,0.0,0.0,0.0,0.0,46692.0,0.0,0.0,0.0,0.0,0.0,0.0,0.0,0.0,0.0,0.0,0.0,0.0,0.0,0.0,50778.0,0.0,0.0,0.0,0.0,0.0,43802.0,51740.0,1144.0,0.0,0.0,0.0,0.0,69967.0,0.0,0.0,0.0,0.0,358160.0,0.0,0.0,0.0,44168.0,0.0,0.0,0.0,0.0,0.0,0.0,0.0,0.0,0.0,0.0,0.0,0.0,0.0,0.0,0.0,35570.0,50929.0,0.0,0.0,0.0,0.0,0.0,0.0,0.0,0.0,0.0,0.0,0.0,0.0,0.0,0.0,0.0,0.0,83888.0,0.0,0.0,0.0,0.0,0.0,0.0,0.0,0.0,0.0,0.0,0.0,0.0,0.0,0.0,0.0,0.0,71224.0,0.0,55980.0,0.0,64447.0,0.0,0.0,0.0,100673.0,0.0,0.0,0.0,0.0,0.0,0.0,0.0,0.0,0.0,0.0,0.0,0.0,74743.0,0.0,0.0,0.0,0.0,0.0,0.0,0.0,0.0,0.0,0.0,0.0,62962.0,0.0,57285.0,0.0,0.0,0.0,0.0,0.0,63283.0,37528.0,0.0,0.0,0.0,0.0,0.0,0.0,0.0,0.0,0.0,0.0,0.0,0.0,0.0,0.0,0.0,0.0,0.0,60367.0,0.0,0.0,0.0,0.0,51949.0,0.0,0.0,0.0,75229.0,0.0,83503.0,0.0,0.0,0.0,68552.0,0.0,0.0,65130.0,0.0,0.0,81156.0,0.0,0.0,0.0,0.0,0.0,0.0,0.0,0.0,0.0,0.0,0.0,0.0,0.0,0.0,0.0,0.0,61352.0,68910.0,0.0,0.0,109430.0,0.0,0.0,0.0,0.0,87796.0,0.0,0.0,0.0,0.0,0.0,0.0,0.0,0.0,0.0,0.0,0.0,76196.0,0.0,0.0,0.0,0.0,0.0,0.0,0.0,0.0,0.0,0.0,0.0,92876.0,63368.0,0.0,72039.0,0.0,0.0,103709.0,0.0,39682.0,0.0,0.0,0.0,0.0,0.0,0.0,0.0,0.0,55931.0,0.0,0.0,0.0,0.0,0.0,0.0,0.0,0.0,63658.0,0.0,0.0,0.0],"Min":0.0,"Max":358160.0,"Median":0.0,"Average":10338.736,"StandardDeviation":27013.194103664897,"Sum":20677472.0},{"Name":"Active.Obstacles","Unit":8,"IncreaseIsBetter":false,"Samples":[2.0],"Min":2.0,"Max":2.0,"Median":2.0,"Average":2.0,"StandardDeviation":0.0,"Sum":2.0},{"Name":"Active.Walls","Unit":8,"IncreaseIsBetter":false,"Samples":[4.0],"Min":4.0,"Max":4.0,"Median":4.0,"Average":4.0,"StandardDeviation":0.0,"Sum":4.0},{"Name":"Active.Nodes","Unit":8,"IncreaseIsBetter":false,"Samples":[2.0],"Min":2.0,"Max":2.0,"Median":2.0,"Average":2.0,"StandardDeviation":0.0,"Sum":2.0}]}
##performancetestruninfo2:{"TestSuite":"Playmode","Date":1789273653009,"Player":{"Development":true,"ScreenWidth":2880,"ScreenHeight":1800,"ScreenRefreshRate":60,"Fullscreen":false,"Vsync":0,"AntiAliasing":0,"Batchmode":true,"RenderThreadingMode":"SingleThreaded","MtRendering":false,"GraphicsJobs":false,"GpuSkinning":false,"Platform":"OSXEditor","ColorSpace":"Linear","AnisotropicFiltering":"Disable","BlendWeights":"OneBone","GraphicsApi":"Metal","ScriptingBackend":"Mono2x","AndroidTargetSdkVersion":"AndroidApiLevelAuto","AndroidBuildSystem":"Gradle","BuildTarget":"StandaloneOSX","StereoRenderingPath":"MultiPass"},"Hardware":{"OperatingSystem":"Mac OS X 15.7.9","DeviceModel":"MacBookAir9,1","DeviceName":"Macbook’s MacBook Air","ProcessorType":"Intel(R) Core(TM) i3-1000NG4 CPU @ 1.10GHz","ProcessorCount":4,"GraphicsDeviceName":"Intel(R) Iris(TM) Plus Graphics","SystemMemorySizeMB":8192},"Editor":{"Version":"6000.3.10f1","Branch":"6000.3/staging","Changeset":"e35f0c77bd8e","Date":1771318112},"Dependencies":["com.cysharp.messagepipe@1.8.2","com.cysharp.messagepipe.vcontainer@1.8.2","com.cysharp.unitask@2.5.11","com.gabrielbigardi.spriteanimator@3.0.2","com.unity.2d.animation@13.0.4","com.unity.2d.sprite@1.0.0","com.unity.2d.spriteshape@13.0.0","com.unity.2d.tilemap@1.0.0","com.unity.2d.tilemap.extras@6.0.1","com.unity.2d.tooling@1.0.2","com.unity.ai.assistant@2.18.0-pre.2","com.unity.collab-proxy@2.11.3","com.unity.device-simulator.devices@1.0.1","com.unity.ide.rider@3.0.39","com.unity.ide.visualstudio@2.0.26","com.unity.inputsystem@1.18.0","com.unity.memoryprofiler@1.1.5","com.unity.performance.profile-analyzer@1.2.3","com.unity.recorder@5.1.7","com.unity.render-pipelines.universal@17.3.0","com.unity.test-framework@1.6.0","com.unity.test-framework.performance@3.2.0","com.unity.timeline@1.8.10","com.unity.ugui@2.0.0","jp.hadashikick.vcontainer@1.19.0","com.unity.modules.accessibility@1.0.0","com.unity.modules.adaptiveperformance@1.0.0","com.unity.modules.ai@1.0.0","com.unity.modules.androidjni@1.0.0","com.unity.modules.animation@1.0.0","com.unity.modules.assetbundle@1.0.0","com.unity.modules.audio@1.0.0","com.unity.modules.cloth@1.0.0","com.unity.modules.director@1.0.0","com.unity.modules.imageconversion@1.0.0","com.unity.modules.imgui@1.0.0","com.unity.modules.jsonserialize@1.0.0","com.unity.modules.particlesystem@1.0.0","com.unity.modules.physics@1.0.0","com.unity.modules.physics2d@1.0.0","com.unity.modules.screencapture@1.0.0","com.unity.modules.terrain@1.0.0","com.unity.modules.terrainphysics@1.0.0","com.unity.modules.tilemap@1.0.0","com.unity.modules.ui@1.0.0","com.unity.modules.uielements@1.0.0","com.unity.modules.umbra@1.0.0","com.unity.modules.unityanalytics@1.0.0","com.unity.modules.unitywebrequest@1.0.0","com.unity.modules.unitywebrequestassetbundle@1.0.0","com.unity.modules.unitywebrequestaudio@1.0.0","com.unity.modules.unitywebrequesttexture@1.0.0","com.unity.modules.unitywebrequestwww@1.0.0","com.unity.modules.vectorgraphics@1.0.0","com.unity.modules.vehicles@1.0.0","com.unity.modules.video@1.0.0","com.unity.modules.vr@1.0.0","com.unity.modules.wind@1.0.0","com.unity.modules.xr@1.0.0","com.unity.modules.subsystems@1.0.0","com.unity.modules.hierarchycore@1.0.0","com.unity.ext.nunit@2.0.5","com.unity.render-pipelines.core@17.3.0","com.unity.shadergraph@17.3.0","com.unity.render-pipelines.universal-config@17.0.3","com.unity.collections@2.6.2","com.unity.bindings.openimageio@1.0.2","com.unity.burst@1.8.28","com.unity.mathematics@1.3.3","com.unity.profiling.core@1.0.3","com.unity.editorcoroutines@1.0.1","com.unity.nuget.mono-cecil@1.11.6","com.unity.nuget.newtonsoft-json@3.2.2","com.unity.2d.common@12.0.2","com.unity.searcher@4.9.4"],"Results":[]}
]]></output>
              </test-case>
            </test-suite>
            <test-suite type="TestFixture" id="1007" name="LevelGeneratorSpawnTests" fullname="NestLabs.Tests.PlayMode.LevelGeneratorSpawnTests" classname="NestLabs.Tests.PlayMode.LevelGeneratorSpawnTests" runstate="Runnable" testcasecount="1" result="Passed" start-time="2026-09-13 04:27:49Z" end-time="2026-09-13 04:27:50Z" duration="0.947039" total="1" passed="1" failed="0" inconclusive="0" skipped="0" asserts="0">
              <properties />
              <test-case id="1008" name="RulesSpawnObstaclesAndWallPairsAsClimberAscends" fullname="NestLabs.Tests.PlayMode.LevelGeneratorSpawnTests.RulesSpawnObstaclesAndWallPairsAsClimberAscends" methodname="RulesSpawnObstaclesAndWallPairsAsClimberAscends" classname="NestLabs.Tests.PlayMode.LevelGeneratorSpawnTests" runstate="Runnable" seed="669331831" result="Passed" start-time="2026-09-13 04:27:49Z" end-time="2026-09-13 04:27:50Z" duration="0.944435" asserts="0">
                <properties>
                  <property name="_JOINTYPE" value="UnityCombinatorial" />
                  <property name="retryIteration" value="0" />
                  <property name="repeatIteration" value="0" />
                </properties>
                <output><![CDATA[[LevelGeneratorSpawnTests] climbed to y=150.0 - idle=2 moving=2 swing=0 wall=6 node=2
Saving results to: /Users/janeismine/Library/Application Support/DefaultCompany/NestLabs Game/TestResults.xml
]]></output>
              </test-case>
            </test-suite>
          </test-suite>
        </test-suite>
      </test-suite>
    </test-suite>
  </test-suite>
</test-run>